Archive member included to satisfy reference by file (symbol)

d:/stm32cube/stm32cubeide_1.5.0/stm32cubeide/plugins/com.st.stm32cube.ide.mcu.externaltools.gnu-tools-for-stm32.7-2018-q2-update.win32_1.5.0.202011040924/tools/bin/../lib/gcc/arm-none-eabi/7.3.1/../../../../arm-none-eabi/lib/thumb/v7e-m/fpv4-sp/hard\libc_nano.a(lib_a-errno.o)
                              Core/Src/syscalls.o (__errno)
d:/stm32cube/stm32cubeide_1.5.0/stm32cubeide/plugins/com.st.stm32cube.ide.mcu.externaltools.gnu-tools-for-stm32.7-2018-q2-update.win32_1.5.0.202011040924/tools/bin/../lib/gcc/arm-none-eabi/7.3.1/../../../../arm-none-eabi/lib/thumb/v7e-m/fpv4-sp/hard\libc_nano.a(lib_a-exit.o)
                              d:/stm32cube/stm32cubeide_1.5.0/stm32cubeide/plugins/com.st.stm32cube.ide.mcu.externaltools.gnu-tools-for-stm32.7-2018-q2-update.win32_1.5.0.202011040924/tools/bin/../lib/gcc/arm-none-eabi/7.3.1/../../../../arm-none-eabi/lib/thumb/v7e-m/fpv4-sp/hard/crt0.o (exit)
d:/stm32cube/stm32cubeide_1.5.0/stm32cubeide/plugins/com.st.stm32cube.ide.mcu.externaltools.gnu-tools-for-stm32.7-2018-q2-update.win32_1.5.0.202011040924/tools/bin/../lib/gcc/arm-none-eabi/7.3.1/../../../../arm-none-eabi/lib/thumb/v7e-m/fpv4-sp/hard\libc_nano.a(lib_a-impure.o)
                              d:/stm32cube/stm32cubeide_1.5.0/stm32cubeide/plugins/com.st.stm32cube.ide.mcu.externaltools.gnu-tools-for-stm32.7-2018-q2-update.win32_1.5.0.202011040924/tools/bin/../lib/gcc/arm-none-eabi/7.3.1/../../../../arm-none-eabi/lib/thumb/v7e-m/fpv4-sp/hard\libc_nano.a(lib_a-exit.o) (_global_impure_ptr)
d:/stm32cube/stm32cubeide_1.5.0/stm32cubeide/plugins/com.st.stm32cube.ide.mcu.externaltools.gnu-tools-for-stm32.7-2018-q2-update.win32_1.5.0.202011040924/tools/bin/../lib/gcc/arm-none-eabi/7.3.1/../../../../arm-none-eabi/lib/thumb/v7e-m/fpv4-sp/hard\libc_nano.a(lib_a-init.o)
                              d:/stm32cube/stm32cubeide_1.5.0/stm32cubeide/plugins/com.st.stm32cube.ide.mcu.externaltools.gnu-tools-for-stm32.7-2018-q2-update.win32_1.5.0.202011040924/tools/bin/../lib/gcc/arm-none-eabi/7.3.1/../../../../arm-none-eabi/lib/thumb/v7e-m/fpv4-sp/hard/crt0.o (__libc_init_array)
d:/stm32cube/stm32cubeide_1.5.0/stm32cubeide/plugins/com.st.stm32cube.ide.mcu.externaltools.gnu-tools-for-stm32.7-2018-q2-update.win32_1.5.0.202011040924/tools/bin/../lib/gcc/arm-none-eabi/7.3.1/../../../../arm-none-eabi/lib/thumb/v7e-m/fpv4-sp/hard\libc_nano.a(lib_a-memcpy-stub.o)
                              Middlewares/Third_Party/FreeRTOS/Source/queue.o (memcpy)
d:/stm32cube/stm32cubeide_1.5.0/stm32cubeide/plugins/com.st.stm32cube.ide.mcu.externaltools.gnu-tools-for-stm32.7-2018-q2-update.win32_1.5.0.202011040924/tools/bin/../lib/gcc/arm-none-eabi/7.3.1/../../../../arm-none-eabi/lib/thumb/v7e-m/fpv4-sp/hard\libc_nano.a(lib_a-memset.o)
                              d:/stm32cube/stm32cubeide_1.5.0/stm32cubeide/plugins/com.st.stm32cube.ide.mcu.externaltools.gnu-tools-for-stm32.7-2018-q2-update.win32_1.5.0.202011040924/tools/bin/../lib/gcc/arm-none-eabi/7.3.1/../../../../arm-none-eabi/lib/thumb/v7e-m/fpv4-sp/hard/crt0.o (memset)
d:/stm32cube/stm32cubeide_1.5.0/stm32cubeide/plugins/com.st.stm32cube.ide.mcu.externaltools.gnu-tools-for-stm32.7-2018-q2-update.win32_1.5.0.202011040924/tools/bin/../lib/gcc/arm-none-eabi/7.3.1/../../../../arm-none-eabi/lib/thumb/v7e-m/fpv4-sp/hard\libc_nano.a(lib_a-printf.o)
                              Core/Src/gpio.o (printf)
d:/stm32cube/stm32cubeide_1.5.0/stm32cubeide/plugins/com.st.stm32cube.ide.mcu.externaltools.gnu-tools-for-stm32.7-2018-q2-update.win32_1.5.0.202011040924/tools/bin/../lib/gcc/arm-none-eabi/7.3.1/../../../../arm-none-eabi/lib/thumb/v7e-m/fpv4-sp/hard\libc_nano.a(lib_a-puts.o)
                              Core/Src/Applications/Gimbal_App.o (puts)
d:/stm32cube/stm32cubeide_1.5.0/stm32cubeide/plugins/com.st.stm32cube.ide.mcu.externaltools.gnu-tools-for-stm32.7-2018-q2-update.win32_1.5.0.202011040924/tools/bin/../lib/gcc/arm-none-eabi/7.3.1/../../../../arm-none-eabi/lib/thumb/v7e-m/fpv4-sp/hard\libc_nano.a(lib_a-strlen.o)
                              Core/Src/Applications/Gimbal_App.o (strlen)
d:/stm32cube/stm32cubeide_1.5.0/stm32cubeide/plugins/com.st.stm32cube.ide.mcu.externaltools.gnu-tools-for-stm32.7-2018-q2-update.win32_1.5.0.202011040924/tools/bin/../lib/gcc/arm-none-eabi/7.3.1/../../../../arm-none-eabi/lib/thumb/v7e-m/fpv4-sp/hard\libc_nano.a(lib_a-wbuf.o)
                              d:/stm32cube/stm32cubeide_1.5.0/stm32cubeide/plugins/com.st.stm32cube.ide.mcu.externaltools.gnu-tools-for-stm32.7-2018-q2-update.win32_1.5.0.202011040924/tools/bin/../lib/gcc/arm-none-eabi/7.3.1/../../../../arm-none-eabi/lib/thumb/v7e-m/fpv4-sp/hard\libc_nano.a(lib_a-puts.o) (__swbuf_r)
[...]
Memory Configuration

Name             Origin             Length             Attributes
CCMRAM           0x0000000010000000 0x0000000000010000 xrw
RAM              0x0000000020000000 0x0000000000030000 xrw
FLASH            0x0000000008000000 0x0000000000200000 xr
*default*        0x0000000000000000 0xffffffffffffffff

Linker script and memory map

LOAD d:/stm32cube/stm32cubeide_1.5.0/stm32cubeide/plugins/com.st.stm32cube.ide.mcu.externaltools.gnu-tools-for-stm32.7-2018-q2-update.win32_1.5.0.202011040924/tools/bin/../lib/gcc/arm-none-eabi/7.3.1/thumb/v7e-m/fpv4-sp/hard/crti.o
LOAD d:/stm32cube/stm32cubeide_1.5.0/stm32cubeide/plugins/com.st.stm32cube.ide.mcu.externaltools.gnu-tools-for-stm32.7-2018-q2-update.win32_1.5.0.202011040924/tools/bin/../lib/gcc/arm-none-eabi/7.3.1/thumb/v7e-m/fpv4-sp/hard/crtbegin.o
LOAD d:/stm32cube/stm32cubeide_1.5.0/stm32cubeide/plugins/com.st.stm32cube.ide.mcu.externaltools.gnu-tools-for-stm32.7-2018-q2-update.win32_1.5.0.202011040924/tools/bin/../lib/gcc/arm-none-eabi/7.3.1/../../../../arm-none-eabi/lib/thumb/v7e-m/fpv4-sp/hard/crt0.o
LOAD Core/Src/Applications/Chassis_App.o
LOAD Core/Src/Applications/Gimbal_App.o
LOAD Core/Src/Applications/Shoot_App.o
LOAD Core/Src/Applications/Timer_App.o
LOAD Core/Src/Device/Motor.o
LOAD Core/Src/buzzer.o
LOAD Core/Src/can.o
LOAD Core/Src/freertos.o
LOAD Core/Src/gpio.o
LOAD Core/Src/main.o
LOAD Core/Src/stm32f4xx_hal_msp.o
LOAD Core/Src/stm32f4xx_hal_timebase_tim.o
LOAD Core/Src/stm32f4xx_it.o
LOAD Core/Src/syscalls.o
LOAD Core/Src/sysmem.o
LOAD Core/Src/system_stm32f4xx.o
LOAD Core/Src/tim.o
LOAD Core/Src/usart.o
LOAD Core/Startup/startup_stm32f427iihx.o
LOAD Drivers/STM32F4xx_HAL_Driver/Src/stm32f4xx_hal.o
LOAD Drivers/STM32F4xx_HAL_Driver/Src/stm32f4xx_hal_can.o
LOAD Drivers/STM32F4xx_HAL_Driver/Src/stm32f4xx_hal_cortex.o
LOAD Drivers/STM32F4xx_HAL_Driver/Src/stm32f4xx_hal_dma.o
LOAD Drivers/STM32F4xx_HAL_Driver/Src/stm32f4xx_hal_dma_ex.o
LOAD Drivers/STM32F4xx_HAL_Driver/Src/stm32f4xx_hal_exti.o
LOAD Drivers/STM32F4xx_HAL_Driver/Src/stm32f4xx_hal_flash.o
LOAD Drivers/STM32F4xx_HAL_Driver/Src/stm32f4xx_hal_flash_ex.o
LOAD Drivers/STM32F4xx_HAL_Driver/Src/stm32f4xx_hal_flash_ramfunc.o
LOAD Drivers/STM32F4xx_HAL_Driver/Src/stm32f4xx_hal_gpio.o
LOAD Drivers/STM32F4xx_HAL_Driver/Src/stm32f4xx_hal_pwr.o
LOAD Drivers/STM32F4xx_HAL_Driver/Src/stm32f4xx_hal_pwr_ex.o
LOAD Drivers/STM32F4xx_HAL_Driver/Src/stm32f4xx_hal_rcc.o
LOAD Drivers/STM32F4xx_HAL_Driver/Src/stm32f4xx_hal_rcc_ex.o
LOAD Drivers/STM32F4xx_HAL_Driver/Src/stm32f4xx_hal_tim.o
LOAD Drivers/STM32F4xx_HAL_Driver/Src/stm32f4xx_hal_tim_ex.o
LOAD Drivers/STM32F4xx_HAL_Driver/Src/stm32f4xx_hal_uart.o
LOAD Middlewares/Third_Party/FreeRTOS/Source/CMSIS_RTOS/cmsis_os.o
LOAD Middlewares/Third_Party/FreeRTOS/Source/croutine.o
LOAD Middlewares/Third_Party/FreeRTOS/Source/event_groups.o
LOAD Middlewares/Third_Party/FreeRTOS/Source/list.o
LOAD Middlewares/Third_Party/FreeRTOS/Source/queue.o
LOAD Middlewares/Third_Party/FreeRTOS/Source/stream_buffer.o
LOAD Middlewares/Third_Party/FreeRTOS/Source/tasks.o
LOAD Middlewares/Third_Party/FreeRTOS/Source/timers.o
LOAD Middlewares/Third_Party/FreeRTOS/Source/portable/GCC/ARM_CM4F/port.o
LOAD Middlewares/Third_Party/FreeRTOS/Source/portable/MemMang/heap_4.o
START GROUP
LOAD d:/stm32cube/stm32cubeide_1.5.0/stm32cubeide/plugins/com.st.stm32cube.ide.mcu.externaltools.gnu-tools-for-stm32.7-2018-q2-update.win32_1.5.0.202011040924/tools/bin/../lib/gcc/arm-none-eabi/7.3.1/../../../../arm-none-eabi/lib/thumb/v7e-m/fpv4-sp/hard\libc_nano.a
LOAD d:/stm32cube/stm32cubeide_1.5.0/stm32cubeide/plugins/com.st.stm32cube.ide.mcu.externaltools.gnu-tools-for-stm32.7-2018-q2-update.win32_1.5.0.202011040924/tools/bin/../lib/gcc/arm-none-eabi/7.3.1/../../../../arm-none-eabi/lib/thumb/v7e-m/fpv4-sp/hard\libm.a
END GROUP
START GROUP
LOAD d:/stm32cube/stm32cubeide_1.5.0/stm32cubeide/plugins/com.st.stm32cube.ide.mcu.externaltools.gnu-tools-for-stm32.7-2018-q2-update.win32_1.5.0.202011040924/tools/bin/../lib/gcc/arm-none-eabi/7.3.1/thumb/v7e-m/fpv4-sp/hard\libgcc.a
LOAD d:/stm32cube/stm32cubeide_1.5.0/stm32cubeide/plugins/com.st.stm32cube.ide.mcu.externaltools.gnu-tools-for-stm32.7-2018-q2-update.win32_1.5.0.202011040924/tools/bin/../lib/gcc/arm-none-eabi/7.3.1/../../../../arm-none-eabi/lib/thumb/v7e-m/fpv4-sp/hard\libc_nano.a
END GROUP
START GROUP
LOAD d:/stm32cube/stm32cubeide_1.5.0/stm32cubeide/plugins/com.st.stm32cube.ide.mcu.externaltools.gnu-tools-for-stm32.7-2018-q2-update.win32_1.5.0.202011040924/tools/bin/../lib/gcc/arm-none-eabi/7.3.1/thumb/v7e-m/fpv4-sp/hard\libgcc.a
LOAD d:/stm32cube/stm32cubeide_1.5.0/stm32cubeide/plugins/com.st.stm32cube.ide.mcu.externaltools.gnu-tools-for-stm32.7-2018-q2-update.win32_1.5.0.202011040924/tools/bin/../lib/gcc/arm-none-eabi/7.3.1/../../../../arm-none-eabi/lib/thumb/v7e-m/fpv4-sp/hard\libc_nano.a
LOAD d:/stm32cube/stm32cubeide_1.5.0/stm32cubeide/plugins/com.st.stm32cube.ide.mcu.externaltools.gnu-tools-for-stm32.7-2018-q2-update.win32_1.5.0.202011040924/tools/bin/../lib/gcc/arm-none-eabi/7.3.1/../../../../arm-none-eabi/lib/thumb/v7e-m/fpv4-sp/hard\libnosys.a
END GROUP
START GROUP
LOAD d:/stm32cube/stm32cubeide_1.5.0/stm32cubeide/plugins/com.st.stm32cube.ide.mcu.externaltools.gnu-tools-for-stm32.7-2018-q2-update.win32_1.5.0.202011040924/tools/bin/../lib/gcc/arm-none-eabi/7.3.1/thumb/v7e-m/fpv4-sp/hard\libgcc.a
LOAD d:/stm32cube/stm32cubeide_1.5.0/stm32cubeide/plugins/com.st.stm32cube.ide.mcu.externaltools.gnu-tools-for-stm32.7-2018-q2-update.win32_1.5.0.202011040924/tools/bin/../lib/gcc/arm-none-eabi/7.3.1/../../../../arm-none-eabi/lib/thumb/v7e-m/fpv4-sp/hard\libc_nano.a
LOAD d:/stm32cube/stm32cubeide_1.5.0/stm32cubeide/plugins/com.st.stm32cube.ide.mcu.externaltools.gnu-tools-for-stm32.7-2018-q2-update.win32_1.5.0.202011040924/tools/bin/../lib/gcc/arm-none-eabi/7.3.1/../../../../arm-none-eabi/lib/thumb/v7e-m/fpv4-sp/hard\libnosys.a
END GROUP
LOAD d:/stm32cube/stm32cubeide_1.5.0/stm32cubeide/plugins/com.st.stm32cube.ide.mcu.externaltools.gnu-tools-for-stm32.7-2018-q2-update.win32_1.5.0.202011040924/tools/bin/../lib/gcc/arm-none-eabi/7.3.1/thumb/v7e-m/fpv4-sp/hard/crtend.o
LOAD d:/stm32cube/stm32cubeide_1.5.0/stm32cubeide/plugins/com.st.stm32cube.ide.mcu.externaltools.gnu-tools-for-stm32.7-2018-q2-update.win32_1.5.0.202011040924/tools/bin/../lib/gcc/arm-none-eabi/7.3.1/thumb/v7e-m/fpv4-sp/hard/crtn.o
                0x0000000020030000                _estack = (ORIGIN (RAM) + LENGTH (RAM))
                0x0000000000000200                _Min_Heap_Size = 0x200
                0x0000000000000400                _Min_Stack_Size = 0x400

.isr_vector     0x0000000008000000      0x1ac
                0x0000000008000000                . = ALIGN (0x4)
 *(.isr_vector)
 .isr_vector    0x0000000008000000      0x1ac Core/Startup/startup_stm32f427iihx.o
                0x0000000008000000                g_pfnVectors
                0x00000000080001ac                . = ALIGN (0x4)

.text           0x00000000080001b0     0xa0b4
                0x00000000080001b0                . = ALIGN (0x4)
 *(.text)
 .text          0x00000000080001b0       0x40 d:/stm32cube/stm32cubeide_1.5.0/stm32cubeide/plugins/com.st.stm32cube.ide.mcu.externaltools.gnu-tools-for-stm32.7-2018-q2-update.win32_1.5.0.202011040924/tools/bin/../lib/gcc/arm-none-eabi/7.3.1/thumb/v7e-m/fpv4-sp/hard/crtbegin.o
 .text          0x00000000080001f0       0xa0 d:/stm32cube/stm32cubeide_1.5.0/stm32cubeide/plugins/com.st.stm32cube.ide.mcu.externaltools.gnu-tools-for-stm32.7-2018-q2-update.win32_1.5.0.202011040924/tools/bin/../lib/gcc/arm-none-eabi/7.3.1/../../../../arm-none-eabi/lib/thumb/v7e-m/fpv4-sp/hard\libc_nano.a(lib_a-memchr.o)
                0x00000000080001f0                memchr
 .text          0x0000000008000290      0x378 d:/stm32cube/stm32cubeide_1.5.0/stm32cubeide/plugins/com.st.stm32cube.ide.mcu.externaltools.gnu-tools-for-stm32.7-2018-q2-update.win32_1.5.0.202011040924/tools/bin/../lib/gcc/arm-none-eabi/7.3.1/thumb/v7e-m/fpv4-sp/hard\libgcc.a(_arm_addsubdf3.o)
                0x0000000008000290                __aeabi_drsub
                0x0000000008000298                __aeabi_dsub
                0x0000000008000298                __subdf3
                0x000000000800029c                __aeabi_dadd
                0x000000000800029c                __adddf3
                0x0000000008000514                __floatunsidf
                0x0000000008000514                __aeabi_ui2d
                0x0000000008000534                __floatsidf
                0x0000000008000534                __aeabi_i2d
                0x0000000008000558                __aeabi_f2d
                0x0000000008000558                __extendsfdf2
                0x000000000800059c                __floatundidf
                0x000000000800059c                __aeabi_ul2d
                0x00000000080005ac                __floatdidf
                0x00000000080005ac                __aeabi_l2d
 .text          0x0000000008000608      0x424 d:/stm32cube/stm32cubeide_1.5.0/stm32cubeide/plugins/com.st.stm32cube.ide.mcu.externaltools.gnu-tools-for-stm32.7-2018-q2-update.win32_1.5.0.202011040924/tools/bin/../lib/gcc/arm-none-eabi/7.3.1/thumb/v7e-m/fpv4-sp/hard\libgcc.a(_arm_muldivdf3.o)
                0x0000000008000608                __aeabi_dmul
                0x0000000008000608                __muldf3
                0x000000000800085c                __divdf3
                0x000000000800085c                __aeabi_ddiv
 .text          0x0000000008000a2c      0x110 d:/stm32cube/stm32cubeide_1.5.0/stm32cubeide/plugins/com.st.stm32cube.ide.mcu.externaltools.gnu-tools-for-stm32.7-2018-q2-update.win32_1.5.0.202011040924/tools/bin/../lib/gcc/arm-none-eabi/7.3.1/thumb/v7e-m/fpv4-sp/hard\libgcc.a(_arm_cmpdf2.o)
                0x0000000008000a2c                __gtdf2
                0x0000000008000a2c                __gedf2
                0x0000000008000a34                __ltdf2
                0x0000000008000a34                __ledf2
                0x0000000008000a3c                __nedf2
                0x0000000008000a3c                __eqdf2
                0x0000000008000a3c                __cmpdf2
                0x0000000008000ab8                __aeabi_cdrcmple
                0x0000000008000ac8                __aeabi_cdcmpeq
                0x0000000008000ac8                __aeabi_cdcmple
                0x0000000008000ad8                __aeabi_dcmpeq
                0x0000000008000aec                __aeabi_dcmplt
                0x0000000008000b00                __aeabi_dcmple
                0x0000000008000b14                __aeabi_dcmpge
                0x0000000008000b28                __aeabi_dcmpgt
 .text          0x0000000008000b3c       0x2c d:/stm32cube/stm32cubeide_1.5.0/stm32cubeide/plugins/com.st.stm32cube.ide.mcu.externaltools.gnu-tools-for-stm32.7-2018-q2-update.win32_1.5.0.202011040924/tools/bin/../lib/gcc/arm-none-eabi/7.3.1/thumb/v7e-m/fpv4-sp/hard\libgcc.a(_arm_unorddf2.o)
                0x0000000008000b3c                __unorddf2
                0x0000000008000b3c                __aeabi_dcmpun
 .text          0x0000000008000b68       0x50 d:/stm32cube/stm32cubeide_1.5.0/stm32cubeide/plugins/com.st.stm32cube.ide.mcu.externaltools.gnu-tools-for-stm32.7-2018-q2-update.win32_1.5.0.202011040924/tools/bin/../lib/gcc/arm-none-eabi/7.3.1/thumb/v7e-m/fpv4-sp/hard\libgcc.a(_arm_fixdfsi.o)
                0x0000000008000b68                __aeabi_d2iz
                0x0000000008000b68                __fixdfsi
 .text          0x0000000008000bb8       0x40 d:/stm32cube/stm32cubeide_1.5.0/stm32cubeide/plugins/com.st.stm32cube.ide.mcu.externaltools.gnu-tools-for-stm32.7-2018-q2-update.win32_1.5.0.202011040924/tools/bin/../lib/gcc/arm-none-eabi/7.3.1/thumb/v7e-m/fpv4-sp/hard\libgcc.a(_arm_fixunsdfsi.o)
                0x0000000008000bb8                __aeabi_d2uiz
                0x0000000008000bb8                __fixunsdfsi
 .text          0x0000000008000bf8       0x30 d:/stm32cube/stm32cubeide_1.5.0/stm32cubeide/plugins/com.st.stm32cube.ide.mcu.externaltools.gnu-tools-for-stm32.7-2018-q2-update.win32_1.5.0.202011040924/tools/bin/../lib/gcc/arm-none-eabi/7.3.1/thumb/v7e-m/fpv4-sp/hard\libgcc.a(_aeabi_uldivmod.o)
                0x0000000008000bf8                __aeabi_uldivmod
 .text          0x0000000008000c28      0x2cc d:/stm32cube/stm32cubeide_1.5.0/stm32cubeide/plugins/com.st.stm32cube.ide.mcu.externaltools.gnu-tools-for-stm32.7-2018-q2-update.win32_1.5.0.202011040924/tools/bin/../lib/gcc/arm-none-eabi/7.3.1/thumb/v7e-m/fpv4-sp/hard\libgcc.a(_udivmoddi4.o)
                0x0000000008000c28                __udivmoddi4
 .text          0x0000000008000ef4        0x4 d:/stm32cube/stm32cubeide_1.5.0/stm32cubeide/plugins/com.st.stm32cube.ide.mcu.externaltools.gnu-tools-for-stm32.7-2018-q2-update.win32_1.5.0.202011040924/tools/bin/../lib/gcc/arm-none-eabi/7.3.1/thumb/v7e-m/fpv4-sp/hard\libgcc.a(_dvmd_tls.o)
                0x0000000008000ef4                __aeabi_idiv0
                0x0000000008000ef4                __aeabi_ldiv0
 *(.text*)
 .text.Chassis_Task_Func
                0x0000000008000ef8       0x4c Core/Src/Applications/Chassis_App.o
                0x0000000008000ef8                Chassis_Task_Func
 .text.motor_move_period
                0x0000000008000f44       0xd8 Core/Src/Applications/Chassis_App.o
                0x0000000008000f44                motor_move_period
 *fill*         0x000000000800101c        0x4 
 .text.Gimbal_Task_Function
                0x0000000008001020      0x67c Core/Src/Applications/Gimbal_App.o
                0x0000000008001020                Gimbal_Task_Function
 *fill*         0x000000000800169c        0x4 
 .text.off_dist
                0x00000000080016a0      0x12c Core/Src/Applications/Gimbal_App.o
                0x00000000080016a0                off_dist
 .text.HAL_UART_RxCpltCallback
                0x00000000080017cc       0x8c Core/Src/Applications/Gimbal_App.o
                0x00000000080017cc                HAL_UART_RxCpltCallback
 .text.angle_preprocess
                0x0000000008001858       0xa0 Core/Src/Applications/Gimbal_App.o
                0x0000000008001858                angle_preprocess
 .text.check_angle_out_of_range
                0x00000000080018f8       0x5e Core/Src/Applications/Gimbal_App.o
                0x00000000080018f8                check_angle_out_of_range
 *fill*         0x0000000008001956        0x2 
 .text.parse_pack_indv
                0x0000000008001958       0xc8 Core/Src/Applications/Gimbal_App.o
                0x0000000008001958                parse_pack_indv
 .text.parse_all
                0x0000000008001a20       0x7a Core/Src/Applications/Gimbal_App.o
                0x0000000008001a20                parse_all
 *fill*         0x0000000008001a9a        0x6 
 .text.Shoot_Task_Func
                0x0000000008001aa0       0x94 Core/Src/Applications/Shoot_App.o
                0x0000000008001aa0                Shoot_Task_Func
 .text.shoot_init
                0x0000000008001b34       0x6c Core/Src/Applications/Shoot_App.o
                0x0000000008001b34                shoot_init
 .text.fric_wheel_set_speed
                0x0000000008001ba0       0x7c Core/Src/Applications/Shoot_App.o
                0x0000000008001ba0                fric_wheel_set_speed
 *fill*         0x0000000008001c1c        0x4 
 .text.cmd_execute_shoot
                0x0000000008001c20       0x60 Core/Src/Applications/Shoot_App.o
                0x0000000008001c20                cmd_execute_shoot
 .text.Timer_Task_Func
                0x0000000008001c80       0x38 Core/Src/Applications/Timer_App.o
                0x0000000008001c80                Timer_Task_Func
 .text.Motor_Data_Read
                0x0000000008001cb8       0xcc Core/Src/Device/Motor.o
                0x0000000008001cb8                Motor_Data_Read
 .text.Motor_Data_Sent
                0x0000000008001d84      0x108 Core/Src/Device/Motor.o
                0x0000000008001d84                Motor_Data_Sent
 .text.get_Motor_buffer
                0x0000000008001e8c       0x1a Core/Src/Device/Motor.o
                0x0000000008001e8c                get_Motor_buffer
 .text.set_Motor_buffer
                0x0000000008001ea6       0x1a Core/Src/Device/Motor.o
                0x0000000008001ea6                set_Motor_buffer
 .text.Motor_Data_Replacement
                0x0000000008001ec0       0x66 Core/Src/Device/Motor.o
                0x0000000008001ec0                Motor_Data_Replacement
 *fill*         0x0000000008001f26        0x2 
 .text.Motor_pid_set_angle
                0x0000000008001f28      0x204 Core/Src/Device/Motor.o
                0x0000000008001f28                Motor_pid_set_angle
 .text.Motor_set_raw_value
                0x000000000800212c       0x38 Core/Src/Device/Motor.o
                0x000000000800212c                Motor_set_raw_value
 .text.buzzer_init
                0x0000000008002164       0x14 Core/Src/buzzer.o
                0x0000000008002164                buzzer_init
 .text.buzzer_play_g0
                0x0000000008002178       0x48 Core/Src/buzzer.o
                0x0000000008002178                buzzer_play_g0
 .text.buzzer_play_c1
                0x00000000080021c0       0x48 Core/Src/buzzer.o
                0x00000000080021c0                buzzer_play_c1
 .text.buzzer_play_e1
                0x0000000008002208       0x48 Core/Src/buzzer.o
                0x0000000008002208                buzzer_play_e1
 .text.buzzer_play_g1
                0x0000000008002250       0x48 Core/Src/buzzer.o
                0x0000000008002250                buzzer_play_g1
 .text.buzzer_rest
                0x0000000008002298       0x18 Core/Src/buzzer.o
                0x0000000008002298                buzzer_rest
 .text.buzzer_play_mario
                0x00000000080022b0      0x330 Core/Src/buzzer.o
                0x00000000080022b0                buzzer_play_mario
 .text.MX_CAN1_Init
                0x00000000080025e0       0x6c Core/Src/can.o
                0x00000000080025e0                MX_CAN1_Init
 .text.HAL_CAN_MspInit
                0x000000000800264c       0xb0 Core/Src/can.o
                0x000000000800264c                HAL_CAN_MspInit
 .text.can_filter_enable
                0x00000000080026fc       0x44 Core/Src/can.o
                0x00000000080026fc                can_filter_enable
 .text.can_filter_disable
                0x0000000008002740       0x44 Core/Src/can.o
                0x0000000008002740                can_filter_disable
 .text.HAL_CAN_RxFifo0MsgPendingCallback
                0x0000000008002784       0x44 Core/Src/can.o
                0x0000000008002784                HAL_CAN_RxFifo0MsgPendingCallback
 .text.vApplicationGetIdleTaskMemory
                0x00000000080027c8       0x34 Core/Src/freertos.o
                0x00000000080027c8                vApplicationGetIdleTaskMemory
 .text.MX_FREERTOS_Init
                0x00000000080027fc       0xd8 Core/Src/freertos.o
                0x00000000080027fc                MX_FREERTOS_Init
 .text.StartDefaultTask
                0x00000000080028d4       0x10 Core/Src/freertos.o
                0x00000000080028d4                StartDefaultTask
 .text.MX_GPIO_Init
                0x00000000080028e4      0x208 Core/Src/gpio.o
                0x00000000080028e4                MX_GPIO_Init
 .text.HAL_GPIO_EXTI_Callback
                0x0000000008002aec       0x7c Core/Src/gpio.o
                0x0000000008002aec                HAL_GPIO_EXTI_Callback
 .text.main     0x0000000008002b68       0x54 Core/Src/main.o
                0x0000000008002b68                main
 .text.SystemClock_Config
                0x0000000008002bbc       0xd8 Core/Src/main.o
                0x0000000008002bbc                SystemClock_Config
 .text.HAL_TIM_PeriodElapsedCallback
                0x0000000008002c94       0x4c Core/Src/main.o
                0x0000000008002c94                HAL_TIM_PeriodElapsedCallback
 .text.Error_Handler
                0x0000000008002ce0        0x8 Core/Src/main.o
                0x0000000008002ce0                Error_Handler
 .text.HAL_MspInit
                0x0000000008002ce8       0x58 Core/Src/stm32f4xx_hal_msp.o
                0x0000000008002ce8                HAL_MspInit
 .text.HAL_InitTick
                0x0000000008002d40       0xb4 Core/Src/stm32f4xx_hal_timebase_tim.o
                0x0000000008002d40                HAL_InitTick
 .text.NMI_Handler
                0x0000000008002df4        0x6 Core/Src/stm32f4xx_it.o
                0x0000000008002df4                NMI_Handler
 .text.HardFault_Handler
                0x0000000008002dfa        0x6 Core/Src/stm32f4xx_it.o
                0x0000000008002dfa                HardFault_Handler
 .text.MemManage_Handler
                0x0000000008002e00        0x6 Core/Src/stm32f4xx_it.o
                0x0000000008002e00                MemManage_Handler
 .text.BusFault_Handler
                0x0000000008002e06        0x6 Core/Src/stm32f4xx_it.o
                0x0000000008002e06                BusFault_Handler
 .text.UsageFault_Handler
                0x0000000008002e0c        0x6 Core/Src/stm32f4xx_it.o
                0x0000000008002e0c                UsageFault_Handler
 .text.DebugMon_Handler
                0x0000000008002e12        0xe Core/Src/stm32f4xx_it.o
                0x0000000008002e12                DebugMon_Handler
 .text.EXTI2_IRQHandler
                0x0000000008002e20        0xe Core/Src/stm32f4xx_it.o
                0x0000000008002e20                EXTI2_IRQHandler
 *fill*         0x0000000008002e2e        0x2 
 .text.CAN1_TX_IRQHandler
                0x0000000008002e30       0x14 Core/Src/stm32f4xx_it.o
                0x0000000008002e30                CAN1_TX_IRQHandler
 .text.CAN1_RX0_IRQHandler
                0x0000000008002e44       0x14 Core/Src/stm32f4xx_it.o
                0x0000000008002e44                CAN1_RX0_IRQHandler
 .text.TIM8_UP_TIM13_IRQHandler
                0x0000000008002e58       0x14 Core/Src/stm32f4xx_it.o
                0x0000000008002e58                TIM8_UP_TIM13_IRQHandler
 .text.TIM8_TRG_COM_TIM14_IRQHandler
                0x0000000008002e6c       0x14 Core/Src/stm32f4xx_it.o
                0x0000000008002e6c                TIM8_TRG_COM_TIM14_IRQHandler
 .text.TIM5_IRQHandler
                0x0000000008002e80       0x14 Core/Src/stm32f4xx_it.o
                0x0000000008002e80                TIM5_IRQHandler
 .text.USART6_IRQHandler
                0x0000000008002e94       0x14 Core/Src/stm32f4xx_it.o
                0x0000000008002e94                USART6_IRQHandler
 .text._read    0x0000000008002ea8       0x3a Core/Src/syscalls.o
                0x0000000008002ea8                _read
 .text._write   0x0000000008002ee2       0x38 Core/Src/syscalls.o
                0x0000000008002ee2                _write
 .text._close   0x0000000008002f1a       0x18 Core/Src/syscalls.o
                0x0000000008002f1a                _close
 .text._fstat   0x0000000008002f32       0x20 Core/Src/syscalls.o
                0x0000000008002f32                _fstat
 .text._isatty  0x0000000008002f52       0x16 Core/Src/syscalls.o
                0x0000000008002f52                _isatty
 .text._lseek   0x0000000008002f68       0x1a Core/Src/syscalls.o
                0x0000000008002f68                _lseek
 *fill*         0x0000000008002f82        0x2 
 .text._sbrk    0x0000000008002f84       0x6c Core/Src/sysmem.o
                0x0000000008002f84                _sbrk
 .text.SystemInit
                0x0000000008002ff0       0x2c Core/Src/system_stm32f4xx.o
                0x0000000008002ff0                SystemInit
 .text.MX_TIM4_Init
                0x000000000800301c       0xcc Core/Src/tim.o
                0x000000000800301c                MX_TIM4_Init
 .text.MX_TIM2_Init
                0x00000000080030e8       0xc8 Core/Src/tim.o
                0x00000000080030e8                MX_TIM2_Init
 .text.MX_TIM12_Init
                0x00000000080031b0       0x8c Core/Src/tim.o
                0x00000000080031b0                MX_TIM12_Init
 .text.MX_TIM13_Init
                0x000000000800323c       0x48 Core/Src/tim.o
                0x000000000800323c                MX_TIM13_Init
 .text.MX_TIM14_Init
                0x0000000008003284       0x48 Core/Src/tim.o
                0x0000000008003284                MX_TIM14_Init
 .text.HAL_TIM_PWM_MspInit
                0x00000000080032cc       0x98 Core/Src/tim.o
                0x00000000080032cc                HAL_TIM_PWM_MspInit
 .text.HAL_TIM_Base_MspInit
                0x0000000008003364       0xc0 Core/Src/tim.o
                0x0000000008003364                HAL_TIM_Base_MspInit
 .text.HAL_TIM_MspPostInit
                0x0000000008003424      0x110 Core/Src/tim.o
                0x0000000008003424                HAL_TIM_MspPostInit
 .text.__io_putchar
                0x0000000008003534       0x24 Core/Src/usart.o
                0x0000000008003534                __io_putchar
 .text.MX_UART7_Init
                0x0000000008003558       0x54 Core/Src/usart.o
                0x0000000008003558                MX_UART7_Init
 .text.MX_USART6_Init
                0x00000000080035ac       0x64 Core/Src/usart.o
                0x00000000080035ac                MX_USART6_Init
 .text.HAL_UART_MspInit
                0x0000000008003610      0x118 Core/Src/usart.o
                0x0000000008003610                HAL_UART_MspInit
 .text.Reset_Handler
                0x0000000008003728       0x50 Core/Startup/startup_stm32f427iihx.o
                0x0000000008003728                Reset_Handler
 .text.Default_Handler
                0x0000000008003778        0x2 Core/Startup/startup_stm32f427iihx.o
                0x0000000008003778                RTC_Alarm_IRQHandler
                0x0000000008003778                HASH_RNG_IRQHandler
                0x0000000008003778                TIM8_CC_IRQHandler
                0x0000000008003778                UART8_IRQHandler
                0x0000000008003778                SPI4_IRQHandler
                0x0000000008003778                TIM1_CC_IRQHandler
                0x0000000008003778                DMA2_Stream5_IRQHandler
                0x0000000008003778                DMA1_Stream5_IRQHandler
                0x0000000008003778                PVD_IRQHandler
                0x0000000008003778                SDIO_IRQHandler
                0x0000000008003778                TAMP_STAMP_IRQHandler
                0x0000000008003778                CAN2_RX1_IRQHandler
                0x0000000008003778                EXTI3_IRQHandler
                0x0000000008003778                TIM1_UP_TIM10_IRQHandler
                0x0000000008003778                I2C3_ER_IRQHandler
                0x0000000008003778                EXTI0_IRQHandler
                0x0000000008003778                I2C2_EV_IRQHandler
                0x0000000008003778                DMA1_Stream2_IRQHandler
                0x0000000008003778                FPU_IRQHandler
                0x0000000008003778                OTG_HS_WKUP_IRQHandler
                0x0000000008003778                CAN2_SCE_IRQHandler
                0x0000000008003778                DMA2_Stream2_IRQHandler
                0x0000000008003778                SPI1_IRQHandler
                0x0000000008003778                TIM6_DAC_IRQHandler
                0x0000000008003778                TIM1_BRK_TIM9_IRQHandler
                0x0000000008003778                DCMI_IRQHandler
                0x0000000008003778                CAN2_RX0_IRQHandler
                0x0000000008003778                DMA2_Stream3_IRQHandler
                0x0000000008003778                USART3_IRQHandler
                0x0000000008003778                CAN1_RX1_IRQHandler
                0x0000000008003778                UART5_IRQHandler
                0x0000000008003778                DMA2_Stream0_IRQHandler
                0x0000000008003778                TIM4_IRQHandler
                0x0000000008003778                I2C1_EV_IRQHandler
                0x0000000008003778                DMA1_Stream6_IRQHandler
                0x0000000008003778                DMA1_Stream1_IRQHandler
                0x0000000008003778                UART4_IRQHandler
                0x0000000008003778                TIM3_IRQHandler
                0x0000000008003778                RCC_IRQHandler
                0x0000000008003778                TIM8_BRK_TIM12_IRQHandler
                0x0000000008003778                Default_Handler
                0x0000000008003778                EXTI15_10_IRQHandler
                0x0000000008003778                ADC_IRQHandler
                0x0000000008003778                DMA1_Stream7_IRQHandler
                0x0000000008003778                SPI5_IRQHandler
                0x0000000008003778                TIM7_IRQHandler
                0x0000000008003778                CAN2_TX_IRQHandler
                0x0000000008003778                DMA2_Stream7_IRQHandler
                0x0000000008003778                I2C3_EV_IRQHandler
                0x0000000008003778                EXTI9_5_IRQHandler
                0x0000000008003778                RTC_WKUP_IRQHandler
                0x0000000008003778                ETH_WKUP_IRQHandler
                0x0000000008003778                SPI2_IRQHandler
                0x0000000008003778                OTG_HS_EP1_IN_IRQHandler
                0x0000000008003778                DMA1_Stream0_IRQHandler
                0x0000000008003778                EXTI4_IRQHandler
                0x0000000008003778                ETH_IRQHandler
                0x0000000008003778                OTG_HS_EP1_OUT_IRQHandler
                0x0000000008003778                WWDG_IRQHandler
                0x0000000008003778                SPI6_IRQHandler
                0x0000000008003778                TIM2_IRQHandler
                0x0000000008003778                OTG_FS_WKUP_IRQHandler
                0x0000000008003778                TIM1_TRG_COM_TIM11_IRQHandler
                0x0000000008003778                OTG_HS_IRQHandler
                0x0000000008003778                DMA2D_IRQHandler
                0x0000000008003778                EXTI1_IRQHandler
                0x0000000008003778                UART7_IRQHandler
                0x0000000008003778                USART2_IRQHandler
                0x0000000008003778                I2C2_ER_IRQHandler
                0x0000000008003778                DMA2_Stream1_IRQHandler
                0x0000000008003778                CAN1_SCE_IRQHandler
                0x0000000008003778                FLASH_IRQHandler
                0x0000000008003778                DMA2_Stream4_IRQHandler
                0x0000000008003778                USART1_IRQHandler
                0x0000000008003778                OTG_FS_IRQHandler
                0x0000000008003778                SPI3_IRQHandler
                0x0000000008003778                DMA1_Stream4_IRQHandler
                0x0000000008003778                I2C1_ER_IRQHandler
                0x0000000008003778                FMC_IRQHandler
                0x0000000008003778                DMA2_Stream6_IRQHandler
                0x0000000008003778                SAI1_IRQHandler
                0x0000000008003778                DMA1_Stream3_IRQHandler
 *fill*         0x000000000800377a        0x2 
 .text.HAL_Init
                0x000000000800377c       0x44 Drivers/STM32F4xx_HAL_Driver/Src/stm32f4xx_hal.o
                0x000000000800377c                HAL_Init
 .text.HAL_IncTick
                0x00000000080037c0       0x28 Drivers/STM32F4xx_HAL_Driver/Src/stm32f4xx_hal.o
                0x00000000080037c0                HAL_IncTick
 .text.HAL_GetTick
                0x00000000080037e8       0x18 Drivers/STM32F4xx_HAL_Driver/Src/stm32f4xx_hal.o
                0x00000000080037e8                HAL_GetTick
 .text.HAL_CAN_Init
                0x0000000008003800      0x1f6 Drivers/STM32F4xx_HAL_Driver/Src/stm32f4xx_hal_can.o
                0x0000000008003800                HAL_CAN_Init
 *fill*         0x00000000080039f6        0x2 
 .text.HAL_CAN_ConfigFilter
                0x00000000080039f8      0x1c0 Drivers/STM32F4xx_HAL_Driver/Src/stm32f4xx_hal_can.o
                0x00000000080039f8                HAL_CAN_ConfigFilter
 .text.HAL_CAN_Start
                0x0000000008003bb8       0x88 Drivers/STM32F4xx_HAL_Driver/Src/stm32f4xx_hal_can.o
                0x0000000008003bb8                HAL_CAN_Start
 .text.HAL_CAN_AddTxMessage
                0x0000000008003c40      0x1b6 Drivers/STM32F4xx_HAL_Driver/Src/stm32f4xx_hal_can.o
                0x0000000008003c40                HAL_CAN_AddTxMessage
 .text.HAL_CAN_GetRxMessage
                0x0000000008003df6      0x224 Drivers/STM32F4xx_HAL_Driver/Src/stm32f4xx_hal_can.o
                0x0000000008003df6                HAL_CAN_GetRxMessage
 .text.HAL_CAN_ActivateNotification
                0x000000000800401a       0x4c Drivers/STM32F4xx_HAL_Driver/Src/stm32f4xx_hal_can.o
                0x000000000800401a                HAL_CAN_ActivateNotification
 .text.HAL_CAN_IRQHandler
                0x0000000008004066      0x362 Drivers/STM32F4xx_HAL_Driver/Src/stm32f4xx_hal_can.o
                0x0000000008004066                HAL_CAN_IRQHandler
 .text.HAL_CAN_TxMailbox0CompleteCallback
                0x00000000080043c8       0x14 Drivers/STM32F4xx_HAL_Driver/Src/stm32f4xx_hal_can.o
                0x00000000080043c8                HAL_CAN_TxMailbox0CompleteCallback
 .text.HAL_CAN_TxMailbox1CompleteCallback
                0x00000000080043dc       0x14 Drivers/STM32F4xx_HAL_Driver/Src/stm32f4xx_hal_can.o
                0x00000000080043dc                HAL_CAN_TxMailbox1CompleteCallback
 .text.HAL_CAN_TxMailbox2CompleteCallback
                0x00000000080043f0       0x14 Drivers/STM32F4xx_HAL_Driver/Src/stm32f4xx_hal_can.o
                0x00000000080043f0                HAL_CAN_TxMailbox2CompleteCallback
 .text.HAL_CAN_TxMailbox0AbortCallback
                0x0000000008004404       0x14 Drivers/STM32F4xx_HAL_Driver/Src/stm32f4xx_hal_can.o
                0x0000000008004404                HAL_CAN_TxMailbox0AbortCallback
 .text.HAL_CAN_TxMailbox1AbortCallback
                0x0000000008004418       0x14 Drivers/STM32F4xx_HAL_Driver/Src/stm32f4xx_hal_can.o
                0x0000000008004418                HAL_CAN_TxMailbox1AbortCallback
 .text.HAL_CAN_TxMailbox2AbortCallback
                0x000000000800442c       0x14 Drivers/STM32F4xx_HAL_Driver/Src/stm32f4xx_hal_can.o
                0x000000000800442c                HAL_CAN_TxMailbox2AbortCallback
 .text.HAL_CAN_RxFifo0FullCallback
                0x0000000008004440       0x14 Drivers/STM32F4xx_HAL_Driver/Src/stm32f4xx_hal_can.o
                0x0000000008004440                HAL_CAN_RxFifo0FullCallback
 .text.HAL_CAN_RxFifo1MsgPendingCallback
                0x0000000008004454       0x14 Drivers/STM32F4xx_HAL_Driver/Src/stm32f4xx_hal_can.o
                0x0000000008004454                HAL_CAN_RxFifo1MsgPendingCallback
 .text.HAL_CAN_RxFifo1FullCallback
                0x0000000008004468       0x14 Drivers/STM32F4xx_HAL_Driver/Src/stm32f4xx_hal_can.o
                0x0000000008004468                HAL_CAN_RxFifo1FullCallback
 .text.HAL_CAN_SleepCallback
                0x000000000800447c       0x14 Drivers/STM32F4xx_HAL_Driver/Src/stm32f4xx_hal_can.o
                0x000000000800447c                HAL_CAN_SleepCallback
 .text.HAL_CAN_WakeUpFromRxMsgCallback
                0x0000000008004490       0x14 Drivers/STM32F4xx_HAL_Driver/Src/stm32f4xx_hal_can.o
                0x0000000008004490                HAL_CAN_WakeUpFromRxMsgCallback
 .text.HAL_CAN_ErrorCallback
                0x00000000080044a4       0x14 Drivers/STM32F4xx_HAL_Driver/Src/stm32f4xx_hal_can.o
                0x00000000080044a4                HAL_CAN_ErrorCallback
 .text.__NVIC_SetPriorityGrouping
                0x00000000080044b8       0x48 Drivers/STM32F4xx_HAL_Driver/Src/stm32f4xx_hal_cortex.o
 .text.__NVIC_GetPriorityGrouping
                0x0000000008004500       0x1c Drivers/STM32F4xx_HAL_Driver/Src/stm32f4xx_hal_cortex.o
 .text.__NVIC_EnableIRQ
                0x000000000800451c       0x3c Drivers/STM32F4xx_HAL_Driver/Src/stm32f4xx_hal_cortex.o
 .text.__NVIC_SetPriority
                0x0000000008004558       0x54 Drivers/STM32F4xx_HAL_Driver/Src/stm32f4xx_hal_cortex.o
 .text.NVIC_EncodePriority
                0x00000000080045ac       0x66 Drivers/STM32F4xx_HAL_Driver/Src/stm32f4xx_hal_cortex.o
 .text.HAL_NVIC_SetPriorityGrouping
                0x0000000008004612       0x16 Drivers/STM32F4xx_HAL_Driver/Src/stm32f4xx_hal_cortex.o
                0x0000000008004612                HAL_NVIC_SetPriorityGrouping
 .text.HAL_NVIC_SetPriority
                0x0000000008004628       0x38 Drivers/STM32F4xx_HAL_Driver/Src/stm32f4xx_hal_cortex.o
                0x0000000008004628                HAL_NVIC_SetPriority
 .text.HAL_NVIC_EnableIRQ
                0x0000000008004660       0x1c Drivers/STM32F4xx_HAL_Driver/Src/stm32f4xx_hal_cortex.o
                0x0000000008004660                HAL_NVIC_EnableIRQ
 .text.HAL_DMA_Abort_IT
                0x000000000800467c       0x44 Drivers/STM32F4xx_HAL_Driver/Src/stm32f4xx_hal_dma.o
                0x000000000800467c                HAL_DMA_Abort_IT
 .text.HAL_GPIO_Init
                0x00000000080046c0      0x354 Drivers/STM32F4xx_HAL_Driver/Src/stm32f4xx_hal_gpio.o
                0x00000000080046c0                HAL_GPIO_Init
 .text.HAL_GPIO_WritePin
                0x0000000008004a14       0x32 Drivers/STM32F4xx_HAL_Driver/Src/stm32f4xx_hal_gpio.o
                0x0000000008004a14                HAL_GPIO_WritePin
 .text.HAL_GPIO_TogglePin
                0x0000000008004a46       0x36 Drivers/STM32F4xx_HAL_Driver/Src/stm32f4xx_hal_gpio.o
                0x0000000008004a46                HAL_GPIO_TogglePin
 .text.HAL_GPIO_EXTI_IRQHandler
                0x0000000008004a7c       0x30 Drivers/STM32F4xx_HAL_Driver/Src/stm32f4xx_hal_gpio.o
                0x0000000008004a7c                HAL_GPIO_EXTI_IRQHandler
 .text.HAL_RCC_OscConfig
                0x0000000008004aac      0x4e0 Drivers/STM32F4xx_HAL_Driver/Src/stm32f4xx_hal_rcc.o
                0x0000000008004aac                HAL_RCC_OscConfig
 .text.HAL_RCC_ClockConfig
                0x0000000008004f8c      0x1cc Drivers/STM32F4xx_HAL_Driver/Src/stm32f4xx_hal_rcc.o
                0x0000000008004f8c                HAL_RCC_ClockConfig
 .text.HAL_RCC_GetSysClockFreq
                0x0000000008005158      0x164 Drivers/STM32F4xx_HAL_Driver/Src/stm32f4xx_hal_rcc.o
                0x0000000008005158                HAL_RCC_GetSysClockFreq
 .text.HAL_RCC_GetHCLKFreq
                0x00000000080052bc       0x18 Drivers/STM32F4xx_HAL_Driver/Src/stm32f4xx_hal_rcc.o
                0x00000000080052bc                HAL_RCC_GetHCLKFreq
 .text.HAL_RCC_GetPCLK1Freq
                0x00000000080052d4       0x28 Drivers/STM32F4xx_HAL_Driver/Src/stm32f4xx_hal_rcc.o
                0x00000000080052d4                HAL_RCC_GetPCLK1Freq
 .text.HAL_RCC_GetPCLK2Freq
                0x00000000080052fc       0x28 Drivers/STM32F4xx_HAL_Driver/Src/stm32f4xx_hal_rcc.o
                0x00000000080052fc                HAL_RCC_GetPCLK2Freq
 .text.HAL_RCC_GetClockConfig
                0x0000000008005324       0x64 Drivers/STM32F4xx_HAL_Driver/Src/stm32f4xx_hal_rcc.o
                0x0000000008005324                HAL_RCC_GetClockConfig
 .text.HAL_TIM_Base_Init
                0x0000000008005388       0x56 Drivers/STM32F4xx_HAL_Driver/Src/stm32f4xx_hal_tim.o
                0x0000000008005388                HAL_TIM_Base_Init
 .text.HAL_TIM_Base_Start_IT
                0x00000000080053de       0x48 Drivers/STM32F4xx_HAL_Driver/Src/stm32f4xx_hal_tim.o
                0x00000000080053de                HAL_TIM_Base_Start_IT
 .text.HAL_TIM_PWM_Init
                0x0000000008005426       0x56 Drivers/STM32F4xx_HAL_Driver/Src/stm32f4xx_hal_tim.o
                0x0000000008005426                HAL_TIM_PWM_Init
 .text.HAL_TIM_PWM_Start
                0x000000000800547c       0x7c Drivers/STM32F4xx_HAL_Driver/Src/stm32f4xx_hal_tim.o
                0x000000000800547c                HAL_TIM_PWM_Start
 .text.HAL_TIM_IRQHandler
                0x00000000080054f8      0x210 Drivers/STM32F4xx_HAL_Driver/Src/stm32f4xx_hal_tim.o
                0x00000000080054f8                HAL_TIM_IRQHandler
 .text.HAL_TIM_PWM_ConfigChannel
                0x0000000008005708      0x18c Drivers/STM32F4xx_HAL_Driver/Src/stm32f4xx_hal_tim.o
                0x0000000008005708                HAL_TIM_PWM_ConfigChannel
 .text.HAL_TIM_OC_DelayElapsedCallback
                0x0000000008005894       0x14 Drivers/STM32F4xx_HAL_Driver/Src/stm32f4xx_hal_tim.o
                0x0000000008005894                HAL_TIM_OC_DelayElapsedCallback
 .text.HAL_TIM_IC_CaptureCallback
                0x00000000080058a8       0x14 Drivers/STM32F4xx_HAL_Driver/Src/stm32f4xx_hal_tim.o
                0x00000000080058a8                HAL_TIM_IC_CaptureCallback
 .text.HAL_TIM_PWM_PulseFinishedCallback
                0x00000000080058bc       0x14 Drivers/STM32F4xx_HAL_Driver/Src/stm32f4xx_hal_tim.o
                0x00000000080058bc                HAL_TIM_PWM_PulseFinishedCallback
 .text.HAL_TIM_TriggerCallback
                0x00000000080058d0       0x14 Drivers/STM32F4xx_HAL_Driver/Src/stm32f4xx_hal_tim.o
                0x00000000080058d0                HAL_TIM_TriggerCallback
 .text.TIM_Base_SetConfig
                0x00000000080058e4      0x140 Drivers/STM32F4xx_HAL_Driver/Src/stm32f4xx_hal_tim.o
                0x00000000080058e4                TIM_Base_SetConfig
 .text.TIM_OC1_SetConfig
                0x0000000008005a24       0xe0 Drivers/STM32F4xx_HAL_Driver/Src/stm32f4xx_hal_tim.o
 .text.TIM_OC2_SetConfig
                0x0000000008005b04       0xec Drivers/STM32F4xx_HAL_Driver/Src/stm32f4xx_hal_tim.o
                0x0000000008005b04                TIM_OC2_SetConfig
 .text.TIM_OC3_SetConfig
                0x0000000008005bf0       0xe8 Drivers/STM32F4xx_HAL_Driver/Src/stm32f4xx_hal_tim.o
 .text.TIM_OC4_SetConfig
                0x0000000008005cd8       0xac Drivers/STM32F4xx_HAL_Driver/Src/stm32f4xx_hal_tim.o
 .text.TIM_CCxChannelCmd
                0x0000000008005d84       0x4a Drivers/STM32F4xx_HAL_Driver/Src/stm32f4xx_hal_tim.o
                0x0000000008005d84                TIM_CCxChannelCmd
 *fill*         0x0000000008005dce        0x2 
 .text.HAL_TIMEx_MasterConfigSynchronization
                0x0000000008005dd0       0xf8 Drivers/STM32F4xx_HAL_Driver/Src/stm32f4xx_hal_tim_ex.o
                0x0000000008005dd0                HAL_TIMEx_MasterConfigSynchronization
 .text.HAL_TIMEx_CommutCallback
                0x0000000008005ec8       0x14 Drivers/STM32F4xx_HAL_Driver/Src/stm32f4xx_hal_tim_ex.o
                0x0000000008005ec8                HAL_TIMEx_CommutCallback
 .text.HAL_TIMEx_BreakCallback
                0x0000000008005edc       0x14 Drivers/STM32F4xx_HAL_Driver/Src/stm32f4xx_hal_tim_ex.o
                0x0000000008005edc                HAL_TIMEx_BreakCallback
 .text.HAL_UART_Init
                0x0000000008005ef0       0x9a Drivers/STM32F4xx_HAL_Driver/Src/stm32f4xx_hal_uart.o
                0x0000000008005ef0                HAL_UART_Init
 .text.HAL_UART_Transmit
                0x0000000008005f8a      0x132 Drivers/STM32F4xx_HAL_Driver/Src/stm32f4xx_hal_uart.o
                0x0000000008005f8a                HAL_UART_Transmit
 .text.HAL_UART_Receive_IT
                0x00000000080060bc       0xaa Drivers/STM32F4xx_HAL_Driver/Src/stm32f4xx_hal_uart.o
                0x00000000080060bc                HAL_UART_Receive_IT
 *fill*         0x0000000008006166        0x2 
 .text.HAL_UART_IRQHandler
                0x0000000008006168      0x200 Drivers/STM32F4xx_HAL_Driver/Src/stm32f4xx_hal_uart.o
                0x0000000008006168                HAL_UART_IRQHandler
 .text.HAL_UART_TxCpltCallback
                0x0000000008006368       0x14 Drivers/STM32F4xx_HAL_Driver/Src/stm32f4xx_hal_uart.o
                0x0000000008006368                HAL_UART_TxCpltCallback
 .text.HAL_UART_ErrorCallback
                0x000000000800637c       0x14 Drivers/STM32F4xx_HAL_Driver/Src/stm32f4xx_hal_uart.o
                0x000000000800637c                HAL_UART_ErrorCallback
 .text.UART_WaitOnFlagUntilTimeout
                0x0000000008006390       0x94 Drivers/STM32F4xx_HAL_Driver/Src/stm32f4xx_hal_uart.o
 .text.UART_EndRxTransfer
                0x0000000008006424       0x3c Drivers/STM32F4xx_HAL_Driver/Src/stm32f4xx_hal_uart.o
 .text.UART_DMAAbortOnError
                0x0000000008006460       0x28 Drivers/STM32F4xx_HAL_Driver/Src/stm32f4xx_hal_uart.o
 .text.UART_Transmit_IT
                0x0000000008006488       0xac Drivers/STM32F4xx_HAL_Driver/Src/stm32f4xx_hal_uart.o
 .text.UART_EndTransmit_IT
                0x0000000008006534       0x30 Drivers/STM32F4xx_HAL_Driver/Src/stm32f4xx_hal_uart.o
 .text.UART_Receive_IT
                0x0000000008006564      0x102 Drivers/STM32F4xx_HAL_Driver/Src/stm32f4xx_hal_uart.o
 *fill*         0x0000000008006666        0x2 
 .text.UART_SetConfig
                0x0000000008006668      0x6f8 Drivers/STM32F4xx_HAL_Driver/Src/stm32f4xx_hal_uart.o
 .text.makeFreeRtosPriority
                0x0000000008006d60       0x30 Middlewares/Third_Party/FreeRTOS/Source/CMSIS_RTOS/cmsis_os.o
 .text.osKernelStart
                0x0000000008006d90        0xe Middlewares/Third_Party/FreeRTOS/Source/CMSIS_RTOS/cmsis_os.o
                0x0000000008006d90                osKernelStart
 .text.osThreadCreate
                0x0000000008006d9e       0x98 Middlewares/Third_Party/FreeRTOS/Source/CMSIS_RTOS/cmsis_os.o
                0x0000000008006d9e                osThreadCreate
 .text.osDelay  0x0000000008006e36       0x28 Middlewares/Third_Party/FreeRTOS/Source/CMSIS_RTOS/cmsis_os.o
                0x0000000008006e36                osDelay
 .text.vListInitialise
                0x0000000008006e5e       0x40 Middlewares/Third_Party/FreeRTOS/Source/list.o
                0x0000000008006e5e                vListInitialise
 .text.vListInitialiseItem
                0x0000000008006e9e       0x1a Middlewares/Third_Party/FreeRTOS/Source/list.o
                0x0000000008006e9e                vListInitialiseItem
 .text.vListInsertEnd
                0x0000000008006eb8       0x48 Middlewares/Third_Party/FreeRTOS/Source/list.o
                0x0000000008006eb8                vListInsertEnd
 .text.vListInsert
                0x0000000008006f00       0x72 Middlewares/Third_Party/FreeRTOS/Source/list.o
                0x0000000008006f00                vListInsert
 .text.uxListRemove
                0x0000000008006f72       0x54 Middlewares/Third_Party/FreeRTOS/Source/list.o
                0x0000000008006f72                uxListRemove
 .text.xTaskCreateStatic
                0x0000000008006fc6       0xb4 Middlewares/Third_Party/FreeRTOS/Source/tasks.o
                0x0000000008006fc6                xTaskCreateStatic
 .text.xTaskCreate
                0x000000000800707a       0x8a Middlewares/Third_Party/FreeRTOS/Source/tasks.o
                0x000000000800707a                xTaskCreate
 .text.prvInitialiseNewTask
                0x0000000008007104      0x10c Middlewares/Third_Party/FreeRTOS/Source/tasks.o
 .text.prvAddNewTaskToReadyList
                0x0000000008007210       0xd4 Middlewares/Third_Party/FreeRTOS/Source/tasks.o
 .text.vTaskDelay
                0x00000000080072e4       0x68 Middlewares/Third_Party/FreeRTOS/Source/tasks.o
                0x00000000080072e4                vTaskDelay
 .text.vTaskStartScheduler
                0x000000000800734c       0xbc Middlewares/Third_Party/FreeRTOS/Source/tasks.o
                0x000000000800734c                vTaskStartScheduler
 .text.vTaskSuspendAll
                0x0000000008007408       0x1c Middlewares/Third_Party/FreeRTOS/Source/tasks.o
                0x0000000008007408                vTaskSuspendAll
 .text.xTaskResumeAll
                0x0000000008007424      0x138 Middlewares/Third_Party/FreeRTOS/Source/tasks.o
                0x0000000008007424                xTaskResumeAll
 .text.xTaskIncrementTick
                0x000000000800755c      0x170 Middlewares/Third_Party/FreeRTOS/Source/tasks.o
                0x000000000800755c                xTaskIncrementTick
 .text.vTaskSwitchContext
                0x00000000080076cc       0xb4 Middlewares/Third_Party/FreeRTOS/Source/tasks.o
                0x00000000080076cc                vTaskSwitchContext
 .text.prvIdleTask
                0x0000000008007780       0x30 Middlewares/Third_Party/FreeRTOS/Source/tasks.o
 .text.prvInitialiseTaskLists
                0x00000000080077b0       0x80 Middlewares/Third_Party/FreeRTOS/Source/tasks.o
 .text.prvCheckTasksWaitingTermination
                0x0000000008007830       0x58 Middlewares/Third_Party/FreeRTOS/Source/tasks.o
 .text.prvDeleteTCB
                0x0000000008007888       0x5c Middlewares/Third_Party/FreeRTOS/Source/tasks.o
 .text.prvResetNextTaskUnblockTime
                0x00000000080078e4       0x40 Middlewares/Third_Party/FreeRTOS/Source/tasks.o
 .text.prvAddCurrentTaskToDelayedList
                0x0000000008007924       0xcc Middlewares/Third_Party/FreeRTOS/Source/tasks.o
 .text.pxPortInitialiseStack
                0x00000000080079f0       0x68 Middlewares/Third_Party/FreeRTOS/Source/portable/GCC/ARM_CM4F/port.o
                0x00000000080079f0                pxPortInitialiseStack
 .text.prvTaskExitError
                0x0000000008007a58       0x54 Middlewares/Third_Party/FreeRTOS/Source/portable/GCC/ARM_CM4F/port.o
 *fill*         0x0000000008007aac        0x4 
 .text.SVC_Handler
                0x0000000008007ab0       0x28 Middlewares/Third_Party/FreeRTOS/Source/portable/GCC/ARM_CM4F/port.o
                0x0000000008007ab0                SVC_Handler
 .text.prvPortStartFirstTask
                0x0000000008007ad8       0x28 Middlewares/Third_Party/FreeRTOS/Source/portable/GCC/ARM_CM4F/port.o
 .text.xPortStartScheduler
                0x0000000008007b00      0x13c Middlewares/Third_Party/FreeRTOS/Source/portable/GCC/ARM_CM4F/port.o
                0x0000000008007b00                xPortStartScheduler
 .text.vPortEnterCritical
                0x0000000008007c3c       0x5c Middlewares/Third_Party/FreeRTOS/Source/portable/GCC/ARM_CM4F/port.o
                0x0000000008007c3c                vPortEnterCritical
 .text.vPortExitCritical
                0x0000000008007c98       0x50 Middlewares/Third_Party/FreeRTOS/Source/portable/GCC/ARM_CM4F/port.o
                0x0000000008007c98                vPortExitCritical
 *fill*         0x0000000008007ce8        0x8 
 .text.PendSV_Handler
                0x0000000008007cf0       0x68 Middlewares/Third_Party/FreeRTOS/Source/portable/GCC/ARM_CM4F/port.o
                0x0000000008007cf0                PendSV_Handler
 .text.SysTick_Handler
                0x0000000008007d58       0x40 Middlewares/Third_Party/FreeRTOS/Source/portable/GCC/ARM_CM4F/port.o
                0x0000000008007d58                SysTick_Handler
 .text.vPortSetupTimerInterrupt
                0x0000000008007d98       0x48 Middlewares/Third_Party/FreeRTOS/Source/portable/GCC/ARM_CM4F/port.o
                0x0000000008007d98                vPortSetupTimerInterrupt
 .text.vPortEnableVFP
                0x0000000008007de0       0x14 Middlewares/Third_Party/FreeRTOS/Source/portable/GCC/ARM_CM4F/port.o
 .text.pvPortMalloc
                0x0000000008007df4      0x184 Middlewares/Third_Party/FreeRTOS/Source/portable/MemMang/heap_4.o
                0x0000000008007df4                pvPortMalloc
 .text.vPortFree
                0x0000000008007f78       0xb0 Middlewares/Third_Party/FreeRTOS/Source/portable/MemMang/heap_4.o
                0x0000000008007f78                vPortFree
 .text.prvHeapInit
                0x0000000008008028       0xc4 Middlewares/Third_Party/FreeRTOS/Source/portable/MemMang/heap_4.o
 .text.prvInsertBlockIntoFreeList
                0x00000000080080ec       0xb4 Middlewares/Third_Party/FreeRTOS/Source/portable/MemMang/heap_4.o
 .text.__errno  0x00000000080081a0        0xc d:/stm32cube/stm32cubeide_1.5.0/stm32cubeide/plugins/com.st.stm32cube.ide.mcu.externaltools.gnu-tools-for-stm32.7-2018-q2-update.win32_1.5.0.202011040924/tools/bin/../lib/gcc/arm-none-eabi/7.3.1/../../../../arm-none-eabi/lib/thumb/v7e-m/fpv4-sp/hard\libc_nano.a(lib_a-errno.o)
                0x00000000080081a0                __errno
 .text.__libc_init_array
                0x00000000080081ac       0x48 d:/stm32cube/stm32cubeide_1.5.0/stm32cubeide/plugins/com.st.stm32cube.ide.mcu.externaltools.gnu-tools-for-stm32.7-2018-q2-update.win32_1.5.0.202011040924/tools/bin/../lib/gcc/arm-none-eabi/7.3.1/../../../../arm-none-eabi/lib/thumb/v7e-m/fpv4-sp/hard\libc_nano.a(lib_a-init.o)
                0x00000000080081ac                __libc_init_array
 .text.memset   0x00000000080081f4       0x10 d:/stm32cube/stm32cubeide_1.5.0/stm32cubeide/plugins/com.st.stm32cube.ide.mcu.externaltools.gnu-tools-for-stm32.7-2018-q2-update.win32_1.5.0.202011040924/tools/bin/../lib/gcc/arm-none-eabi/7.3.1/../../../../arm-none-eabi/lib/thumb/v7e-m/fpv4-sp/hard\libc_nano.a(lib_a-memset.o)
                0x00000000080081f4                memset
 .text.printf   0x0000000008008204       0x30 d:/stm32cube/stm32cubeide_1.5.0/stm32cubeide/plugins/com.st.stm32cube.ide.mcu.externaltools.gnu-tools-for-stm32.7-2018-q2-update.win32_1.5.0.202011040924/tools/bin/../lib/gcc/arm-none-eabi/7.3.1/../../../../arm-none-eabi/lib/thumb/v7e-m/fpv4-sp/hard\libc_nano.a(lib_a-printf.o)
                0x0000000008008204                iprintf
                0x0000000008008204                printf
 .text._puts_r  0x0000000008008234       0xb8 d:/stm32cube/stm32cubeide_1.5.0/stm32cubeide/plugins/com.st.stm32cube.ide.mcu.externaltools.gnu-tools-for-stm32.7-2018-q2-update.win32_1.5.0.202011040924/tools/bin/../lib/gcc/arm-none-eabi/7.3.1/../../../../arm-none-eabi/lib/thumb/v7e-m/fpv4-sp/hard\libc_nano.a(lib_a-puts.o)
                0x0000000008008234                _puts_r
 .text.puts     0x00000000080082ec       0x10 d:/stm32cube/stm32cubeide_1.5.0/stm32cubeide/plugins/com.st.stm32cube.ide.mcu.externaltools.gnu-tools-for-stm32.7-2018-q2-update.win32_1.5.0.202011040924/tools/bin/../lib/gcc/arm-none-eabi/7.3.1/../../../../arm-none-eabi/lib/thumb/v7e-m/fpv4-sp/hard\libc_nano.a(lib_a-puts.o)
                0x00000000080082ec                puts
 .text.__swbuf_r
                0x00000000080082fc       0xa4 d:/stm32cube/stm32cubeide_1.5.0/stm32cubeide/plugins/com.st.stm32cube.ide.mcu.externaltools.gnu-tools-for-stm32.7-2018-q2-update.win32_1.5.0.202011040924/tools/bin/../lib/gcc/arm-none-eabi/7.3.1/../../../../arm-none-eabi/lib/thumb/v7e-m/fpv4-sp/hard\libc_nano.a(lib_a-wbuf.o)
                0x00000000080082fc                __swbuf_r
 .text.__swsetup_r
                0x00000000080083a0       0xdc d:/stm32cube/stm32cubeide_1.5.0/stm32cubeide/plugins/com.st.stm32cube.ide.mcu.externaltools.gnu-tools-for-stm32.7-2018-q2-update.win32_1.5.0.202011040924/tools/bin/../lib/gcc/arm-none-eabi/7.3.1/../../../../arm-none-eabi/lib/thumb/v7e-m/fpv4-sp/hard\libc_nano.a(lib_a-wsetup.o)
                0x00000000080083a0                __swsetup_r
 .text.__sflush_r
                0x000000000800847c      0x10c d:/stm32cube/stm32cubeide_1.5.0/stm32cubeide/plugins/com.st.stm32cube.ide.mcu.externaltools.gnu-tools-for-stm32.7-2018-q2-update.win32_1.5.0.202011040924/tools/bin/../lib/gcc/arm-none-eabi/7.3.1/../../../../arm-none-eabi/lib/thumb/v7e-m/fpv4-sp/hard\libc_nano.a(lib_a-fflush.o)
                0x000000000800847c                __sflush_r
 .text._fflush_r
                0x0000000008008588       0x54 d:/stm32cube/stm32cubeide_1.5.0/stm32cubeide/plugins/com.st.stm32cube.ide.mcu.externaltools.gnu-tools-for-stm32.7-2018-q2-update.win32_1.5.0.202011040924/tools/bin/../lib/gcc/arm-none-eabi/7.3.1/../../../../arm-none-eabi/lib/thumb/v7e-m/fpv4-sp/hard\libc_nano.a(lib_a-fflush.o)
                0x0000000008008588                _fflush_r
 .text.std      0x00000000080085dc       0x48 d:/stm32cube/stm32cubeide_1.5.0/stm32cubeide/plugins/com.st.stm32cube.ide.mcu.externaltools.gnu-tools-for-stm32.7-2018-q2-update.win32_1.5.0.202011040924/tools/bin/../lib/gcc/arm-none-eabi/7.3.1/../../../../arm-none-eabi/lib/thumb/v7e-m/fpv4-sp/hard\libc_nano.a(lib_a-findfp.o)
 .text._cleanup_r
                0x0000000008008624        0xc d:/stm32cube/stm32cubeide_1.5.0/stm32cubeide/plugins/com.st.stm32cube.ide.mcu.externaltools.gnu-tools-for-stm32.7-2018-q2-update.win32_1.5.0.202011040924/tools/bin/../lib/gcc/arm-none-eabi/7.3.1/../../../../arm-none-eabi/lib/thumb/v7e-m/fpv4-sp/hard\libc_nano.a(lib_a-findfp.o)
                0x0000000008008624                _cleanup_r
 .text.__sfmoreglue
                0x0000000008008630       0x2c d:/stm32cube/stm32cubeide_1.5.0/stm32cubeide/plugins/com.st.stm32cube.ide.mcu.externaltools.gnu-tools-for-stm32.7-2018-q2-update.win32_1.5.0.202011040924/tools/bin/../lib/gcc/arm-none-eabi/7.3.1/../../../../arm-none-eabi/lib/thumb/v7e-m/fpv4-sp/hard\libc_nano.a(lib_a-findfp.o)
                0x0000000008008630                __sfmoreglue
 .text.__sinit  0x000000000800865c       0x60 d:/stm32cube/stm32cubeide_1.5.0/stm32cubeide/plugins/com.st.stm32cube.ide.mcu.externaltools.gnu-tools-for-stm32.7-2018-q2-update.win32_1.5.0.202011040924/tools/bin/../lib/gcc/arm-none-eabi/7.3.1/../../../../arm-none-eabi/lib/thumb/v7e-m/fpv4-sp/hard\libc_nano.a(lib_a-findfp.o)
                0x000000000800865c                __sinit
 .text.__sfp    0x00000000080086bc       0x78 d:/stm32cube/stm32cubeide_1.5.0/stm32cubeide/plugins/com.st.stm32cube.ide.mcu.externaltools.gnu-tools-for-stm32.7-2018-q2-update.win32_1.5.0.202011040924/tools/bin/../lib/gcc/arm-none-eabi/7.3.1/../../../../arm-none-eabi/lib/thumb/v7e-m/fpv4-sp/hard\libc_nano.a(lib_a-findfp.o)
                0x00000000080086bc                __sfp
 .text._fwalk_reent
                0x0000000008008734       0x3c d:/stm32cube/stm32cubeide_1.5.0/stm32cubeide/plugins/com.st.stm32cube.ide.mcu.externaltools.gnu-tools-for-stm32.7-2018-q2-update.win32_1.5.0.202011040924/tools/bin/../lib/gcc/arm-none-eabi/7.3.1/../../../../arm-none-eabi/lib/thumb/v7e-m/fpv4-sp/hard\libc_nano.a(lib_a-fwalk.o)
                0x0000000008008734                _fwalk_reent
 .text.__swhatbuf_r
                0x0000000008008770       0x48 d:/stm32cube/stm32cubeide_1.5.0/stm32cubeide/plugins/com.st.stm32cube.ide.mcu.externaltools.gnu-tools-for-stm32.7-2018-q2-update.win32_1.5.0.202011040924/tools/bin/../lib/gcc/arm-none-eabi/7.3.1/../../../../arm-none-eabi/lib/thumb/v7e-m/fpv4-sp/hard\libc_nano.a(lib_a-makebuf.o)
                0x0000000008008770                __swhatbuf_r
 .text.__smakebuf_r
                0x00000000080087b8       0x80 d:/stm32cube/stm32cubeide_1.5.0/stm32cubeide/plugins/com.st.stm32cube.ide.mcu.externaltools.gnu-tools-for-stm32.7-2018-q2-update.win32_1.5.0.202011040924/tools/bin/../lib/gcc/arm-none-eabi/7.3.1/../../../../arm-none-eabi/lib/thumb/v7e-m/fpv4-sp/hard\libc_nano.a(lib_a-makebuf.o)
                0x00000000080087b8                __smakebuf_r
 .text._free_r  0x0000000008008838       0x9c d:/stm32cube/stm32cubeide_1.5.0/stm32cubeide/plugins/com.st.stm32cube.ide.mcu.externaltools.gnu-tools-for-stm32.7-2018-q2-update.win32_1.5.0.202011040924/tools/bin/../lib/gcc/arm-none-eabi/7.3.1/../../../../arm-none-eabi/lib/thumb/v7e-m/fpv4-sp/hard\libc_nano.a(lib_a-nano-freer.o)
                0x0000000008008838                _free_r
 .text._malloc_r
                0x00000000080088d4       0xb4 d:/stm32cube/stm32cubeide_1.5.0/stm32cubeide/plugins/com.st.stm32cube.ide.mcu.externaltools.gnu-tools-for-stm32.7-2018-q2-update.win32_1.5.0.202011040924/tools/bin/../lib/gcc/arm-none-eabi/7.3.1/../../../../arm-none-eabi/lib/thumb/v7e-m/fpv4-sp/hard\libc_nano.a(lib_a-nano-mallocr.o)
                0x00000000080088d4                _malloc_r
 .text.__sfputc_r
                0x0000000008008988       0x2e d:/stm32cube/stm32cubeide_1.5.0/stm32cubeide/plugins/com.st.stm32cube.ide.mcu.externaltools.gnu-tools-for-stm32.7-2018-q2-update.win32_1.5.0.202011040924/tools/bin/../lib/gcc/arm-none-eabi/7.3.1/../../../../arm-none-eabi/lib/thumb/v7e-m/fpv4-sp/hard\libc_nano.a(lib_a-nano-vfprintf.o)
 .text.__sfputs_r
                0x00000000080089b6       0x24 d:/stm32cube/stm32cubeide_1.5.0/stm32cubeide/plugins/com.st.stm32cube.ide.mcu.externaltools.gnu-tools-for-stm32.7-2018-q2-update.win32_1.5.0.202011040924/tools/bin/../lib/gcc/arm-none-eabi/7.3.1/../../../../arm-none-eabi/lib/thumb/v7e-m/fpv4-sp/hard\libc_nano.a(lib_a-nano-vfprintf.o)
                0x00000000080089b6                __sfputs_r
 *fill*         0x00000000080089da        0x2 
 .text._vfprintf_r
                0x00000000080089dc      0x22c d:/stm32cube/stm32cubeide_1.5.0/stm32cubeide/plugins/com.st.stm32cube.ide.mcu.externaltools.gnu-tools-for-stm32.7-2018-q2-update.win32_1.5.0.202011040924/tools/bin/../lib/gcc/arm-none-eabi/7.3.1/../../../../arm-none-eabi/lib/thumb/v7e-m/fpv4-sp/hard\libc_nano.a(lib_a-nano-vfprintf.o)
                0x00000000080089dc                _vfprintf_r
                0x00000000080089dc                _vfiprintf_r
 .text._printf_common
                0x0000000008008c08       0xea d:/stm32cube/stm32cubeide_1.5.0/stm32cubeide/plugins/com.st.stm32cube.ide.mcu.externaltools.gnu-tools-for-stm32.7-2018-q2-update.win32_1.5.0.202011040924/tools/bin/../lib/gcc/arm-none-eabi/7.3.1/../../../../arm-none-eabi/lib/thumb/v7e-m/fpv4-sp/hard\libc_nano.a(lib_a-nano-vfprintf_i.o)
                0x0000000008008c08                _printf_common
 *fill*         0x0000000008008cf2        0x2 
 .text._printf_i
                0x0000000008008cf4      0x224 d:/stm32cube/stm32cubeide_1.5.0/stm32cubeide/plugins/com.st.stm32cube.ide.mcu.externaltools.gnu-tools-for-stm32.7-2018-q2-update.win32_1.5.0.202011040924/tools/bin/../lib/gcc/arm-none-eabi/7.3.1/../../../../arm-none-eabi/lib/thumb/v7e-m/fpv4-sp/hard\libc_nano.a(lib_a-nano-vfprintf_i.o)
                0x0000000008008cf4                _printf_i
 .text._sbrk_r  0x0000000008008f18       0x20 d:/stm32cube/stm32cubeide_1.5.0/stm32cubeide/plugins/com.st.stm32cube.ide.mcu.externaltools.gnu-tools-for-stm32.7-2018-q2-update.win32_1.5.0.202011040924/tools/bin/../lib/gcc/arm-none-eabi/7.3.1/../../../../arm-none-eabi/lib/thumb/v7e-m/fpv4-sp/hard\libc_nano.a(lib_a-sbrkr.o)
                0x0000000008008f18                _sbrk_r
 .text.__sread  0x0000000008008f38       0x22 d:/stm32cube/stm32cubeide_1.5.0/stm32cubeide/plugins/com.st.stm32cube.ide.mcu.externaltools.gnu-tools-for-stm32.7-2018-q2-update.win32_1.5.0.202011040924/tools/bin/../lib/gcc/arm-none-eabi/7.3.1/../../../../arm-none-eabi/lib/thumb/v7e-m/fpv4-sp/hard\libc_nano.a(lib_a-stdio.o)
                0x0000000008008f38                __sread
 .text.__swrite
                0x0000000008008f5a       0x38 d:/stm32cube/stm32cubeide_1.5.0/stm32cubeide/plugins/com.st.stm32cube.ide.mcu.externaltools.gnu-tools-for-stm32.7-2018-q2-update.win32_1.5.0.202011040924/tools/bin/../lib/gcc/arm-none-eabi/7.3.1/../../../../arm-none-eabi/lib/thumb/v7e-m/fpv4-sp/hard\libc_nano.a(lib_a-stdio.o)
                0x0000000008008f5a                __swrite
 .text.__sseek  0x0000000008008f92       0x24 d:/stm32cube/stm32cubeide_1.5.0/stm32cubeide/plugins/com.st.stm32cube.ide.mcu.externaltools.gnu-tools-for-stm32.7-2018-q2-update.win32_1.5.0.202011040924/tools/bin/../lib/gcc/arm-none-eabi/7.3.1/../../../../arm-none-eabi/lib/thumb/v7e-m/fpv4-sp/hard\libc_nano.a(lib_a-stdio.o)
                0x0000000008008f92                __sseek
 .text.__sclose
                0x0000000008008fb6        0x8 d:/stm32cube/stm32cubeide_1.5.0/stm32cubeide/plugins/com.st.stm32cube.ide.mcu.externaltools.gnu-tools-for-stm32.7-2018-q2-update.win32_1.5.0.202011040924/tools/bin/../lib/gcc/arm-none-eabi/7.3.1/../../../../arm-none-eabi/lib/thumb/v7e-m/fpv4-sp/hard\libc_nano.a(lib_a-stdio.o)
                0x0000000008008fb6                __sclose
 *fill*         0x0000000008008fbe        0x2 
 .text._write_r
                0x0000000008008fc0       0x24 d:/stm32cube/stm32cubeide_1.5.0/stm32cubeide/plugins/com.st.stm32cube.ide.mcu.externaltools.gnu-tools-for-stm32.7-2018-q2-update.win32_1.5.0.202011040924/tools/bin/../lib/gcc/arm-none-eabi/7.3.1/../../../../arm-none-eabi/lib/thumb/v7e-m/fpv4-sp/hard\libc_nano.a(lib_a-writer.o)
                0x0000000008008fc0                _write_r
 .text._close_r
                0x0000000008008fe4       0x20 d:/stm32cube/stm32cubeide_1.5.0/stm32cubeide/plugins/com.st.stm32cube.ide.mcu.externaltools.gnu-tools-for-stm32.7-2018-q2-update.win32_1.5.0.202011040924/tools/bin/../lib/gcc/arm-none-eabi/7.3.1/../../../../arm-none-eabi/lib/thumb/v7e-m/fpv4-sp/hard\libc_nano.a(lib_a-closer.o)
                0x0000000008008fe4                _close_r
 .text._fstat_r
                0x0000000008009004       0x24 d:/stm32cube/stm32cubeide_1.5.0/stm32cubeide/plugins/com.st.stm32cube.ide.mcu.externaltools.gnu-tools-for-stm32.7-2018-q2-update.win32_1.5.0.202011040924/tools/bin/../lib/gcc/arm-none-eabi/7.3.1/../../../../arm-none-eabi/lib/thumb/v7e-m/fpv4-sp/hard\libc_nano.a(lib_a-fstatr.o)
                0x0000000008009004                _fstat_r
 .text._isatty_r
                0x0000000008009028       0x20 d:/stm32cube/stm32cubeide_1.5.0/stm32cubeide/plugins/com.st.stm32cube.ide.mcu.externaltools.gnu-tools-for-stm32.7-2018-q2-update.win32_1.5.0.202011040924/tools/bin/../lib/gcc/arm-none-eabi/7.3.1/../../../../arm-none-eabi/lib/thumb/v7e-m/fpv4-sp/hard\libc_nano.a(lib_a-isattyr.o)
                0x0000000008009028                _isatty_r
 .text._lseek_r
                0x0000000008009048       0x24 d:/stm32cube/stm32cubeide_1.5.0/stm32cubeide/plugins/com.st.stm32cube.ide.mcu.externaltools.gnu-tools-for-stm32.7-2018-q2-update.win32_1.5.0.202011040924/tools/bin/../lib/gcc/arm-none-eabi/7.3.1/../../../../arm-none-eabi/lib/thumb/v7e-m/fpv4-sp/hard\libc_nano.a(lib_a-lseekr.o)
                0x0000000008009048                _lseek_r
 .text.__malloc_lock
                0x000000000800906c        0x2 d:/stm32cube/stm32cubeide_1.5.0/stm32cubeide/plugins/com.st.stm32cube.ide.mcu.externaltools.gnu-tools-for-stm32.7-2018-q2-update.win32_1.5.0.202011040924/tools/bin/../lib/gcc/arm-none-eabi/7.3.1/../../../../arm-none-eabi/lib/thumb/v7e-m/fpv4-sp/hard\libc_nano.a(lib_a-mlock.o)
                0x000000000800906c                __malloc_lock
 .text.__malloc_unlock
                0x000000000800906e        0x2 d:/stm32cube/stm32cubeide_1.5.0/stm32cubeide/plugins/com.st.stm32cube.ide.mcu.externaltools.gnu-tools-for-stm32.7-2018-q2-update.win32_1.5.0.202011040924/tools/bin/../lib/gcc/arm-none-eabi/7.3.1/../../../../arm-none-eabi/lib/thumb/v7e-m/fpv4-sp/hard\libc_nano.a(lib_a-mlock.o)
                0x000000000800906e                __malloc_unlock
 .text._read_r  0x0000000008009070       0x24 d:/stm32cube/stm32cubeide_1.5.0/stm32cubeide/plugins/com.st.stm32cube.ide.mcu.externaltools.gnu-tools-for-stm32.7-2018-q2-update.win32_1.5.0.202011040924/tools/bin/../lib/gcc/arm-none-eabi/7.3.1/../../../../arm-none-eabi/lib/thumb/v7e-m/fpv4-sp/hard\libc_nano.a(lib_a-readr.o)
                0x0000000008009070                _read_r
 *fill*         0x0000000008009094        0x4 
 .text.floor    0x0000000008009098      0x108 d:/stm32cube/stm32cubeide_1.5.0/stm32cubeide/plugins/com.st.stm32cube.ide.mcu.externaltools.gnu-tools-for-stm32.7-2018-q2-update.win32_1.5.0.202011040924/tools/bin/../lib/gcc/arm-none-eabi/7.3.1/../../../../arm-none-eabi/lib/thumb/v7e-m/fpv4-sp/hard\libm.a(lib_a-s_floor.o)
                0x0000000008009098                floor
 .text.pow      0x00000000080091a0      0x2e0 d:/stm32cube/stm32cubeide_1.5.0/stm32cubeide/plugins/com.st.stm32cube.ide.mcu.externaltools.gnu-tools-for-stm32.7-2018-q2-update.win32_1.5.0.202011040924/tools/bin/../lib/gcc/arm-none-eabi/7.3.1/../../../../arm-none-eabi/lib/thumb/v7e-m/fpv4-sp/hard\libm.a(lib_a-w_pow.o)
                0x00000000080091a0                pow
 .text.__ieee754_pow
                0x0000000008009480      0xa1c d:/stm32cube/stm32cubeide_1.5.0/stm32cubeide/plugins/com.st.stm32cube.ide.mcu.externaltools.gnu-tools-for-stm32.7-2018-q2-update.win32_1.5.0.202011040924/tools/bin/../lib/gcc/arm-none-eabi/7.3.1/../../../../arm-none-eabi/lib/thumb/v7e-m/fpv4-sp/hard\libm.a(lib_a-e_pow.o)
                0x0000000008009480                __ieee754_pow
 .text.__ieee754_sqrt
                0x0000000008009e9c      0x160 d:/stm32cube/stm32cubeide_1.5.0/stm32cubeide/plugins/com.st.stm32cube.ide.mcu.externaltools.gnu-tools-for-stm32.7-2018-q2-update.win32_1.5.0.202011040924/tools/bin/../lib/gcc/arm-none-eabi/7.3.1/../../../../arm-none-eabi/lib/thumb/v7e-m/fpv4-sp/hard\libm.a(lib_a-e_sqrt.o)
                0x0000000008009e9c                __ieee754_sqrt
 .text.fabs     0x0000000008009ffc       0x12 d:/stm32cube/stm32cubeide_1.5.0/stm32cubeide/plugins/com.st.stm32cube.ide.mcu.externaltools.gnu-tools-for-stm32.7-2018-q2-update.win32_1.5.0.202011040924/tools/bin/../lib/gcc/arm-none-eabi/7.3.1/../../../../arm-none-eabi/lib/thumb/v7e-m/fpv4-sp/hard\libm.a(lib_a-s_fabs.o)
                0x0000000008009ffc                fabs
 .text.finite   0x000000000800a00e       0x10 d:/stm32cube/stm32cubeide_1.5.0/stm32cubeide/plugins/com.st.stm32cube.ide.mcu.externaltools.gnu-tools-for-stm32.7-2018-q2-update.win32_1.5.0.202011040924/tools/bin/../lib/gcc/arm-none-eabi/7.3.1/../../../../arm-none-eabi/lib/thumb/v7e-m/fpv4-sp/hard\libm.a(lib_a-s_finite.o)
                0x000000000800a00e                finite
 .text.matherr  0x000000000800a01e        0x4 d:/stm32cube/stm32cubeide_1.5.0/stm32cubeide/plugins/com.st.stm32cube.ide.mcu.externaltools.gnu-tools-for-stm32.7-2018-q2-update.win32_1.5.0.202011040924/tools/bin/../lib/gcc/arm-none-eabi/7.3.1/../../../../arm-none-eabi/lib/thumb/v7e-m/fpv4-sp/hard\libm.a(lib_a-s_matherr.o)
                0x000000000800a01e                matherr
 *fill*         0x000000000800a022        0x6 
 .text.nan      0x000000000800a028       0x10 d:/stm32cube/stm32cubeide_1.5.0/stm32cubeide/plugins/com.st.stm32cube.ide.mcu.externaltools.gnu-tools-for-stm32.7-2018-q2-update.win32_1.5.0.202011040924/tools/bin/../lib/gcc/arm-none-eabi/7.3.1/../../../../arm-none-eabi/lib/thumb/v7e-m/fpv4-sp/hard\libm.a(lib_a-s_nan.o)
                0x000000000800a028                nan
 .text.rint     0x000000000800a038      0x108 d:/stm32cube/stm32cubeide_1.5.0/stm32cubeide/plugins/com.st.stm32cube.ide.mcu.externaltools.gnu-tools-for-stm32.7-2018-q2-update.win32_1.5.0.202011040924/tools/bin/../lib/gcc/arm-none-eabi/7.3.1/../../../../arm-none-eabi/lib/thumb/v7e-m/fpv4-sp/hard\libm.a(lib_a-s_rint.o)
                0x000000000800a038                rint
 .text.scalbn   0x000000000800a140       0xec d:/stm32cube/stm32cubeide_1.5.0/stm32cubeide/plugins/com.st.stm32cube.ide.mcu.externaltools.gnu-tools-for-stm32.7-2018-q2-update.win32_1.5.0.202011040924/tools/bin/../lib/gcc/arm-none-eabi/7.3.1/../../../../arm-none-eabi/lib/thumb/v7e-m/fpv4-sp/hard\libm.a(lib_a-s_scalbn.o)
                0x000000000800a140                scalbn
 .text.copysign
                0x000000000800a22c       0x1e d:/stm32cube/stm32cubeide_1.5.0/stm32cubeide/plugins/com.st.stm32cube.ide.mcu.externaltools.gnu-tools-for-stm32.7-2018-q2-update.win32_1.5.0.202011040924/tools/bin/../lib/gcc/arm-none-eabi/7.3.1/../../../../arm-none-eabi/lib/thumb/v7e-m/fpv4-sp/hard\libm.a(lib_a-s_copysign.o)
                0x000000000800a22c                copysign
 *(.glue_7)
 .glue_7        0x000000000800a24a        0x0 linker stubs
 *(.glue_7t)
 .glue_7t       0x000000000800a24a        0x0 linker stubs
 *(.eh_frame)
 *fill*         0x000000000800a24a        0x2 
 .eh_frame      0x000000000800a24c        0x0 d:/stm32cube/stm32cubeide_1.5.0/stm32cubeide/plugins/com.st.stm32cube.ide.mcu.externaltools.gnu-tools-for-stm32.7-2018-q2-update.win32_1.5.0.202011040924/tools/bin/../lib/gcc/arm-none-eabi/7.3.1/thumb/v7e-m/fpv4-sp/hard/crtbegin.o
 *(.init)
 .init          0x000000000800a24c        0x4 d:/stm32cube/stm32cubeide_1.5.0/stm32cubeide/plugins/com.st.stm32cube.ide.mcu.externaltools.gnu-tools-for-stm32.7-2018-q2-update.win32_1.5.0.202011040924/tools/bin/../lib/gcc/arm-none-eabi/7.3.1/thumb/v7e-m/fpv4-sp/hard/crti.o
                0x000000000800a24c                _init
 .init          0x000000000800a250        0x8 d:/stm32cube/stm32cubeide_1.5.0/stm32cubeide/plugins/com.st.stm32cube.ide.mcu.externaltools.gnu-tools-for-stm32.7-2018-q2-update.win32_1.5.0.202011040924/tools/bin/../lib/gcc/arm-none-eabi/7.3.1/thumb/v7e-m/fpv4-sp/hard/crtn.o
 *(.fini)
 .fini          0x000000000800a258        0x4 d:/stm32cube/stm32cubeide_1.5.0/stm32cubeide/plugins/com.st.stm32cube.ide.mcu.externaltools.gnu-tools-for-stm32.7-2018-q2-update.win32_1.5.0.202011040924/tools/bin/../lib/gcc/arm-none-eabi/7.3.1/thumb/v7e-m/fpv4-sp/hard/crti.o
                0x000000000800a258                _fini
 .fini          0x000000000800a25c        0x8 d:/stm32cube/stm32cubeide_1.5.0/stm32cubeide/plugins/com.st.stm32cube.ide.mcu.externaltools.gnu-tools-for-stm32.7-2018-q2-update.win32_1.5.0.202011040924/tools/bin/../lib/gcc/arm-none-eabi/7.3.1/thumb/v7e-m/fpv4-sp/hard/crtn.o
                0x000000000800a264                . = ALIGN (0x4)
                0x000000000800a264                _etext = .

.vfp11_veneer   0x000000000800a264        0x0
 .vfp11_veneer  0x000000000800a264        0x0 linker stubs

.v4_bx          0x000000000800a264        0x0
 .v4_bx         0x000000000800a264        0x0 linker stubs

.iplt           0x000000000800a264        0x0
 .iplt          0x000000000800a264        0x0 d:/stm32cube/stm32cubeide_1.5.0/stm32cubeide/plugins/com.st.stm32cube.ide.mcu.externaltools.gnu-tools-for-stm32.7-2018-q2-update.win32_1.5.0.202011040924/tools/bin/../lib/gcc/arm-none-eabi/7.3.1/thumb/v7e-m/fpv4-sp/hard/crtbegin.o

.rodata         0x000000000800a268      0x2b8
                0x000000000800a268                . = ALIGN (0x4)
 *(.rodata)
 .rodata        0x000000000800a268       0x22 Core/Src/Applications/Gimbal_App.o
 *fill*         0x000000000800a28a        0x2 
 .rodata        0x000000000800a28c       0xc8 Core/Src/freertos.o
 .rodata        0x000000000800a354       0xa0 Core/Src/gpio.o
 .rodata        0x000000000800a3f4       0x2d Core/Src/usart.o
 *fill*         0x000000000800a421        0x3 
 .rodata        0x000000000800a424        0x5 Middlewares/Third_Party/FreeRTOS/Source/tasks.o
 *(.rodata*)
 *fill*         0x000000000800a429        0x3 
 .rodata.AHBPrescTable
                0x000000000800a42c       0x10 Core/Src/system_stm32f4xx.o
                0x000000000800a42c                AHBPrescTable
 .rodata.APBPrescTable
                0x000000000800a43c        0x8 Core/Src/system_stm32f4xx.o
                0x000000000800a43c                APBPrescTable
 .rodata._global_impure_ptr
                0x000000000800a444        0x4 d:/stm32cube/stm32cubeide_1.5.0/stm32cubeide/plugins/com.st.stm32cube.ide.mcu.externaltools.gnu-tools-for-stm32.7-2018-q2-update.win32_1.5.0.202011040924/tools/bin/../lib/gcc/arm-none-eabi/7.3.1/../../../../arm-none-eabi/lib/thumb/v7e-m/fpv4-sp/hard\libc_nano.a(lib_a-impure.o)
                0x000000000800a444                _global_impure_ptr
 .rodata.__sf_fake_stderr
                0x000000000800a448       0x20 d:/stm32cube/stm32cubeide_1.5.0/stm32cubeide/plugins/com.st.stm32cube.ide.mcu.externaltools.gnu-tools-for-stm32.7-2018-q2-update.win32_1.5.0.202011040924/tools/bin/../lib/gcc/arm-none-eabi/7.3.1/../../../../arm-none-eabi/lib/thumb/v7e-m/fpv4-sp/hard\libc_nano.a(lib_a-findfp.o)
                0x000000000800a448                __sf_fake_stderr
 .rodata.__sf_fake_stdin
                0x000000000800a468       0x20 d:/stm32cube/stm32cubeide_1.5.0/stm32cubeide/plugins/com.st.stm32cube.ide.mcu.externaltools.gnu-tools-for-stm32.7-2018-q2-update.win32_1.5.0.202011040924/tools/bin/../lib/gcc/arm-none-eabi/7.3.1/../../../../arm-none-eabi/lib/thumb/v7e-m/fpv4-sp/hard\libc_nano.a(lib_a-findfp.o)
                0x000000000800a468                __sf_fake_stdin
 .rodata.__sf_fake_stdout
                0x000000000800a488       0x20 d:/stm32cube/stm32cubeide_1.5.0/stm32cubeide/plugins/com.st.stm32cube.ide.mcu.externaltools.gnu-tools-for-stm32.7-2018-q2-update.win32_1.5.0.202011040924/tools/bin/../lib/gcc/arm-none-eabi/7.3.1/../../../../arm-none-eabi/lib/thumb/v7e-m/fpv4-sp/hard\libc_nano.a(lib_a-findfp.o)
                0x000000000800a488                __sf_fake_stdout
 .rodata._vfprintf_r.str1.1
                0x000000000800a4a8       0x11 d:/stm32cube/stm32cubeide_1.5.0/stm32cubeide/plugins/com.st.stm32cube.ide.mcu.externaltools.gnu-tools-for-stm32.7-2018-q2-update.win32_1.5.0.202011040924/tools/bin/../lib/gcc/arm-none-eabi/7.3.1/../../../../arm-none-eabi/lib/thumb/v7e-m/fpv4-sp/hard\libc_nano.a(lib_a-nano-vfprintf.o)
 .rodata._printf_i.str1.1
                0x000000000800a4b9       0x22 d:/stm32cube/stm32cubeide_1.5.0/stm32cubeide/plugins/com.st.stm32cube.ide.mcu.externaltools.gnu-tools-for-stm32.7-2018-q2-update.win32_1.5.0.202011040924/tools/bin/../lib/gcc/arm-none-eabi/7.3.1/../../../../arm-none-eabi/lib/thumb/v7e-m/fpv4-sp/hard\libc_nano.a(lib_a-nano-vfprintf_i.o)
 .rodata.pow.str1.1
                0x000000000800a4db        0x4 d:/stm32cube/stm32cubeide_1.5.0/stm32cubeide/plugins/com.st.stm32cube.ide.mcu.externaltools.gnu-tools-for-stm32.7-2018-q2-update.win32_1.5.0.202011040924/tools/bin/../lib/gcc/arm-none-eabi/7.3.1/../../../../arm-none-eabi/lib/thumb/v7e-m/fpv4-sp/hard\libm.a(lib_a-w_pow.o)
 .rodata.__ieee754_pow.str1.1
                0x000000000800a4df        0x4 d:/stm32cube/stm32cubeide_1.5.0/stm32cubeide/plugins/com.st.stm32cube.ide.mcu.externaltools.gnu-tools-for-stm32.7-2018-q2-update.win32_1.5.0.202011040924/tools/bin/../lib/gcc/arm-none-eabi/7.3.1/../../../../arm-none-eabi/lib/thumb/v7e-m/fpv4-sp/hard\libm.a(lib_a-e_pow.o)
                                          0x1 (size before relaxing)
 *fill*         0x000000000800a4df        0x1 
 .rodata.bp     0x000000000800a4e0       0x10 d:/stm32cube/stm32cubeide_1.5.0/stm32cubeide/plugins/com.st.stm32cube.ide.mcu.externaltools.gnu-tools-for-stm32.7-2018-q2-update.win32_1.5.0.202011040924/tools/bin/../lib/gcc/arm-none-eabi/7.3.1/../../../../arm-none-eabi/lib/thumb/v7e-m/fpv4-sp/hard\libm.a(lib_a-e_pow.o)
 .rodata.dp_h   0x000000000800a4f0       0x10 d:/stm32cube/stm32cubeide_1.5.0/stm32cubeide/plugins/com.st.stm32cube.ide.mcu.externaltools.gnu-tools-for-stm32.7-2018-q2-update.win32_1.5.0.202011040924/tools/bin/../lib/gcc/arm-none-eabi/7.3.1/../../../../arm-none-eabi/lib/thumb/v7e-m/fpv4-sp/hard\libm.a(lib_a-e_pow.o)
 .rodata.dp_l   0x000000000800a500       0x10 d:/stm32cube/stm32cubeide_1.5.0/stm32cubeide/plugins/com.st.stm32cube.ide.mcu.externaltools.gnu-tools-for-stm32.7-2018-q2-update.win32_1.5.0.202011040924/tools/bin/../lib/gcc/arm-none-eabi/7.3.1/../../../../arm-none-eabi/lib/thumb/v7e-m/fpv4-sp/hard\libm.a(lib_a-e_pow.o)
 .rodata.TWO52  0x000000000800a510       0x10 d:/stm32cube/stm32cubeide_1.5.0/stm32cubeide/plugins/com.st.stm32cube.ide.mcu.externaltools.gnu-tools-for-stm32.7-2018-q2-update.win32_1.5.0.202011040924/tools/bin/../lib/gcc/arm-none-eabi/7.3.1/../../../../arm-none-eabi/lib/thumb/v7e-m/fpv4-sp/hard\libm.a(lib_a-s_rint.o)
                0x000000000800a520                . = ALIGN (0x4)

.ARM.extab      0x000000000800a520        0x0
                0x000000000800a520                . = ALIGN (0x4)
 *(.ARM.extab* .gnu.linkonce.armextab.*)
                0x000000000800a520                . = ALIGN (0x4)

.ARM            0x000000000800a520        0x8
                0x000000000800a520                . = ALIGN (0x4)
                0x000000000800a520                __exidx_start = .
 *(.ARM.exidx*)
 .ARM.exidx     0x000000000800a520        0x8 d:/stm32cube/stm32cubeide_1.5.0/stm32cubeide/plugins/com.st.stm32cube.ide.mcu.externaltools.gnu-tools-for-stm32.7-2018-q2-update.win32_1.5.0.202011040924/tools/bin/../lib/gcc/arm-none-eabi/7.3.1/thumb/v7e-m/fpv4-sp/hard\libgcc.a(_udivmoddi4.o)
                0x000000000800a528                __exidx_end = .
                0x000000000800a528                . = ALIGN (0x4)

.rel.dyn        0x000000000800a528        0x0
 .rel.iplt      0x000000000800a528        0x0 d:/stm32cube/stm32cubeide_1.5.0/stm32cubeide/plugins/com.st.stm32cube.ide.mcu.externaltools.gnu-tools-for-stm32.7-2018-q2-update.win32_1.5.0.202011040924/tools/bin/../lib/gcc/arm-none-eabi/7.3.1/thumb/v7e-m/fpv4-sp/hard/crtbegin.o

.preinit_array  0x000000000800a528        0x0
                0x000000000800a528                . = ALIGN (0x4)
                0x000000000800a528                PROVIDE (__preinit_array_start = .)
 *(.preinit_array*)
                0x000000000800a528                PROVIDE (__preinit_array_end = .)
                0x000000000800a528                . = ALIGN (0x4)

.init_array     0x000000000800a528        0x4
                0x000000000800a528                . = ALIGN (0x4)
                0x000000000800a528                PROVIDE (__init_array_start = .)
 *(SORT_BY_NAME(.init_array.*))
 *(.init_array*)
 .init_array    0x000000000800a528        0x4 d:/stm32cube/stm32cubeide_1.5.0/stm32cubeide/plugins/com.st.stm32cube.ide.mcu.externaltools.gnu-tools-for-stm32.7-2018-q2-update.win32_1.5.0.202011040924/tools/bin/../lib/gcc/arm-none-eabi/7.3.1/thumb/v7e-m/fpv4-sp/hard/crtbegin.o
                0x000000000800a52c                PROVIDE (__init_array_end = .)
                0x000000000800a52c                . = ALIGN (0x4)

.fini_array     0x000000000800a52c        0x4
                0x000000000800a52c                . = ALIGN (0x4)
                [!provide]                        PROVIDE (__fini_array_start = .)
 *(SORT_BY_NAME(.fini_array.*))
 *(.fini_array*)
 .fini_array    0x000000000800a52c        0x4 d:/stm32cube/stm32cubeide_1.5.0/stm32cubeide/plugins/com.st.stm32cube.ide.mcu.externaltools.gnu-tools-for-stm32.7-2018-q2-update.win32_1.5.0.202011040924/tools/bin/../lib/gcc/arm-none-eabi/7.3.1/thumb/v7e-m/fpv4-sp/hard/crtbegin.o
                [!provide]                        PROVIDE (__fini_array_end = .)
                0x000000000800a530                . = ALIGN (0x4)
                0x000000000800a530                _sidata = LOADADDR (.data)

.data           0x0000000020000000       0x78 load address 0x000000000800a530
                0x0000000020000000                . = ALIGN (0x4)
                0x0000000020000000                _sdata = .
 *(.data)
 *(.data*)
 .data.SystemCoreClock
                0x0000000020000000        0x4 Core/Src/system_stm32f4xx.o
                0x0000000020000000                SystemCoreClock
 .data.uwTickPrio
                0x0000000020000004        0x4 Drivers/STM32F4xx_HAL_Driver/Src/stm32f4xx_hal.o
                0x0000000020000004                uwTickPrio
 .data.uwTickFreq
                0x0000000020000008        0x1 Drivers/STM32F4xx_HAL_Driver/Src/stm32f4xx_hal.o
                0x0000000020000008                uwTickFreq
 *fill*         0x0000000020000009        0x3 
 .data.uxCriticalNesting
                0x000000002000000c        0x4 Middlewares/Third_Party/FreeRTOS/Source/portable/GCC/ARM_CM4F/port.o
 .data._impure_ptr
                0x0000000020000010        0x4 d:/stm32cube/stm32cubeide_1.5.0/stm32cubeide/plugins/com.st.stm32cube.ide.mcu.externaltools.gnu-tools-for-stm32.7-2018-q2-update.win32_1.5.0.202011040924/tools/bin/../lib/gcc/arm-none-eabi/7.3.1/../../../../arm-none-eabi/lib/thumb/v7e-m/fpv4-sp/hard\libc_nano.a(lib_a-impure.o)
                0x0000000020000010                _impure_ptr
 .data.impure_data
                0x0000000020000014       0x60 d:/stm32cube/stm32cubeide_1.5.0/stm32cubeide/plugins/com.st.stm32cube.ide.mcu.externaltools.gnu-tools-for-stm32.7-2018-q2-update.win32_1.5.0.202011040924/tools/bin/../lib/gcc/arm-none-eabi/7.3.1/../../../../arm-none-eabi/lib/thumb/v7e-m/fpv4-sp/hard\libc_nano.a(lib_a-impure.o)
 .data.__fdlib_version
                0x0000000020000074        0x1 d:/stm32cube/stm32cubeide_1.5.0/stm32cubeide/plugins/com.st.stm32cube.ide.mcu.externaltools.gnu-tools-for-stm32.7-2018-q2-update.win32_1.5.0.202011040924/tools/bin/../lib/gcc/arm-none-eabi/7.3.1/../../../../arm-none-eabi/lib/thumb/v7e-m/fpv4-sp/hard\libm.a(lib_a-s_lib_ver.o)
                0x0000000020000074                __fdlib_version
 *(.RamFunc)
 *(.RamFunc*)
                0x0000000020000078                . = ALIGN (0x4)
 *fill*         0x0000000020000075        0x3 
                0x0000000020000078                _edata = .

.igot.plt       0x0000000020000078        0x0 load address 0x000000000800a5a8
 .igot.plt      0x0000000020000078        0x0 d:/stm32cube/stm32cubeide_1.5.0/stm32cubeide/plugins/com.st.stm32cube.ide.mcu.externaltools.gnu-tools-for-stm32.7-2018-q2-update.win32_1.5.0.202011040924/tools/bin/../lib/gcc/arm-none-eabi/7.3.1/thumb/v7e-m/fpv4-sp/hard/crtbegin.o
                0x0000000020000078                . = ALIGN (0x4)

.bss            0x0000000020000078     0x4414 load address 0x000000000800a5a8
                0x0000000020000078                _sbss = .
                0x0000000020000078                __bss_start__ = _sbss
 *(.bss)
 .bss           0x0000000020000078       0x1c d:/stm32cube/stm32cubeide_1.5.0/stm32cubeide/plugins/com.st.stm32cube.ide.mcu.externaltools.gnu-tools-for-stm32.7-2018-q2-update.win32_1.5.0.202011040924/tools/bin/../lib/gcc/arm-none-eabi/7.3.1/thumb/v7e-m/fpv4-sp/hard/crtbegin.o
 *(.bss*)
 *fill*         0x0000000020000094        0x4 
 .bss.abs_pitch_offset
                0x0000000020000098        0x8 Core/Src/Applications/Gimbal_App.o
                0x0000000020000098                abs_pitch_offset
 .bss.xIdleTaskTCBBuffer
                0x00000000200000a0       0x54 Core/Src/freertos.o
 .bss.xIdleStack
                0x00000000200000f4      0x200 Core/Src/freertos.o
 .bss.period_counter
                0x00000000200002f4        0x4 Core/Src/main.o
                0x00000000200002f4                period_counter
 .bss.__sbrk_heap_end
                0x00000000200002f8        0x4 Core/Src/sysmem.o
 .bss.pxCurrentTCB
                0x00000000200002fc        0x4 Middlewares/Third_Party/FreeRTOS/Source/tasks.o
                0x00000000200002fc                pxCurrentTCB
 .bss.pxReadyTasksLists
                0x0000000020000300       0x8c Middlewares/Third_Party/FreeRTOS/Source/tasks.o
 .bss.xDelayedTaskList1
                0x000000002000038c       0x14 Middlewares/Third_Party/FreeRTOS/Source/tasks.o
 .bss.xDelayedTaskList2
                0x00000000200003a0       0x14 Middlewares/Third_Party/FreeRTOS/Source/tasks.o
 .bss.pxDelayedTaskList
                0x00000000200003b4        0x4 Middlewares/Third_Party/FreeRTOS/Source/tasks.o
 .bss.pxOverflowDelayedTaskList
                0x00000000200003b8        0x4 Middlewares/Third_Party/FreeRTOS/Source/tasks.o
 .bss.xPendingReadyList
                0x00000000200003bc       0x14 Middlewares/Third_Party/FreeRTOS/Source/tasks.o
 .bss.xTasksWaitingTermination
                0x00000000200003d0       0x14 Middlewares/Third_Party/FreeRTOS/Source/tasks.o
 .bss.uxDeletedTasksWaitingCleanUp
                0x00000000200003e4        0x4 Middlewares/Third_Party/FreeRTOS/Source/tasks.o
 .bss.xSuspendedTaskList
                0x00000000200003e8       0x14 Middlewares/Third_Party/FreeRTOS/Source/tasks.o
 .bss.uxCurrentNumberOfTasks
                0x00000000200003fc        0x4 Middlewares/Third_Party/FreeRTOS/Source/tasks.o
 .bss.xTickCount
                0x0000000020000400        0x4 Middlewares/Third_Party/FreeRTOS/Source/tasks.o
 .bss.uxTopReadyPriority
                0x0000000020000404        0x4 Middlewares/Third_Party/FreeRTOS/Source/tasks.o
 .bss.xSchedulerRunning
                0x0000000020000408        0x4 Middlewares/Third_Party/FreeRTOS/Source/tasks.o
 .bss.uxPendedTicks
                0x000000002000040c        0x4 Middlewares/Third_Party/FreeRTOS/Source/tasks.o
 .bss.xYieldPending
                0x0000000020000410        0x4 Middlewares/Third_Party/FreeRTOS/Source/tasks.o
 .bss.xNumOfOverflows
                0x0000000020000414        0x4 Middlewares/Third_Party/FreeRTOS/Source/tasks.o
 .bss.uxTaskNumber
                0x0000000020000418        0x4 Middlewares/Third_Party/FreeRTOS/Source/tasks.o
 .bss.xNextTaskUnblockTime
                0x000000002000041c        0x4 Middlewares/Third_Party/FreeRTOS/Source/tasks.o
 .bss.xIdleTaskHandle
                0x0000000020000420        0x4 Middlewares/Third_Party/FreeRTOS/Source/tasks.o
 .bss.uxSchedulerSuspended
                0x0000000020000424        0x4 Middlewares/Third_Party/FreeRTOS/Source/tasks.o
 .bss.ucMaxSysCallPriority
                0x0000000020000428        0x1 Middlewares/Third_Party/FreeRTOS/Source/portable/GCC/ARM_CM4F/port.o
 *fill*         0x0000000020000429        0x3 
 .bss.ulMaxPRIGROUPValue
                0x000000002000042c        0x4 Middlewares/Third_Party/FreeRTOS/Source/portable/GCC/ARM_CM4F/port.o
 .bss.ucHeap    0x0000000020000430     0x3c00 Middlewares/Third_Party/FreeRTOS/Source/portable/MemMang/heap_4.o
 .bss.xStart    0x0000000020004030        0x8 Middlewares/Third_Party/FreeRTOS/Source/portable/MemMang/heap_4.o
 .bss.pxEnd     0x0000000020004038        0x4 Middlewares/Third_Party/FreeRTOS/Source/portable/MemMang/heap_4.o
 .bss.xFreeBytesRemaining
                0x000000002000403c        0x4 Middlewares/Third_Party/FreeRTOS/Source/portable/MemMang/heap_4.o
 .bss.xMinimumEverFreeBytesRemaining
                0x0000000020004040        0x4 Middlewares/Third_Party/FreeRTOS/Source/portable/MemMang/heap_4.o
 .bss.xBlockAllocatedBit
                0x0000000020004044        0x4 Middlewares/Third_Party/FreeRTOS/Source/portable/MemMang/heap_4.o
 .bss.__malloc_free_list
                0x0000000020004048        0x4 d:/stm32cube/stm32cubeide_1.5.0/stm32cubeide/plugins/com.st.stm32cube.ide.mcu.externaltools.gnu-tools-for-stm32.7-2018-q2-update.win32_1.5.0.202011040924/tools/bin/../lib/gcc/arm-none-eabi/7.3.1/../../../../arm-none-eabi/lib/thumb/v7e-m/fpv4-sp/hard\libc_nano.a(lib_a-nano-mallocr.o)
                0x0000000020004048                __malloc_free_list
 .bss.__malloc_sbrk_start
                0x000000002000404c        0x4 d:/stm32cube/stm32cubeide_1.5.0/stm32cubeide/plugins/com.st.stm32cube.ide.mcu.externaltools.gnu-tools-for-stm32.7-2018-q2-update.win32_1.5.0.202011040924/tools/bin/../lib/gcc/arm-none-eabi/7.3.1/../../../../arm-none-eabi/lib/thumb/v7e-m/fpv4-sp/hard\libc_nano.a(lib_a-nano-mallocr.o)
                0x000000002000404c                __malloc_sbrk_start
 *(COMMON)
 COMMON         0x0000000020004050      0x234 Core/Src/Applications/Chassis_App.o
                0x0000000020004050                htim4
                0x0000000020004090                motor_data
                0x0000000020004170                hcan2
                0x0000000020004198                first_loop
                0x000000002000419c                htim2
                0x00000000200041dc                hcan1
                0x0000000020004204                can_rx_buffer
                0x0000000020004244                htim12
 *fill*         0x0000000020004284        0x4 
 COMMON         0x0000000020004288       0xb6 Core/Src/Applications/Gimbal_App.o
                0x0000000020004288                abs_pitch
                0x0000000020004290                current_angle
                0x0000000020004292                velocity
                0x0000000020004298                abs_yaw
                0x00000000200042a0                yaw_rx_angle
                0x00000000200042a4                comm_pack
                0x00000000200042bc                pdata
                0x000000002000433c                pitch_rx_angle
 *fill*         0x000000002000433e        0x2 
 COMMON         0x0000000020004340        0x4 Core/Src/freertos.o
                0x0000000020004340                defaultTaskHandle
 COMMON         0x0000000020004344       0x40 Core/Src/stm32f4xx_hal_timebase_tim.o
                0x0000000020004344                htim5
 COMMON         0x0000000020004384       0x80 Core/Src/tim.o
                0x0000000020004384                htim13
                0x00000000200043c4                htim14
 COMMON         0x0000000020004404       0x80 Core/Src/usart.o
                0x0000000020004404                husart6
                0x0000000020004444                huart7
 COMMON         0x0000000020004484        0x4 Drivers/STM32F4xx_HAL_Driver/Src/stm32f4xx_hal.o
                0x0000000020004484                uwTick
 COMMON         0x0000000020004488        0x4 d:/stm32cube/stm32cubeide_1.5.0/stm32cubeide/plugins/com.st.stm32cube.ide.mcu.externaltools.gnu-tools-for-stm32.7-2018-q2-update.win32_1.5.0.202011040924/tools/bin/../lib/gcc/arm-none-eabi/7.3.1/../../../../arm-none-eabi/lib/thumb/v7e-m/fpv4-sp/hard\libc_nano.a(lib_a-reent.o)
                0x0000000020004488                errno
                0x000000002000448c                . = ALIGN (0x4)
                0x000000002000448c                _ebss = .
                0x000000002000448c                __bss_end__ = _ebss

._user_heap_stack
                0x000000002000448c      0x604 load address 0x000000000800a5a8
                0x0000000020004490                . = ALIGN (0x8)
 *fill*         0x000000002000448c        0x4 
                [!provide]                        PROVIDE (end = .)
                0x0000000020004490                PROVIDE (_end = .)
                0x0000000020004690                . = (. + _Min_Heap_Size)
 *fill*         0x0000000020004490      0x200 
                0x0000000020004a90                . = (. + _Min_Stack_Size)
 *fill*         0x0000000020004690      0x400 
                0x0000000020004a90                . = ALIGN (0x8)

/DISCARD/
 libc.a(*)
 libm.a(*)
 libgcc.a(*)

.ARM.attributes
                0x0000000000000000       0x30
 *(.ARM.attributes)
 .ARM.attributes
                0x0000000000000000       0x22 d:/stm32cube/stm32cubeide_1.5.0/stm32cubeide/plugins/com.st.stm32cube.ide.mcu.externaltools.gnu-tools-for-stm32.7-2018-q2-update.win32_1.5.0.202011040924/tools/bin/../lib/gcc/arm-none-eabi/7.3.1/thumb/v7e-m/fpv4-sp/hard/crti.o
 .ARM.attributes